Archive member included to satisfy reference by file (symbol)

/usr/lib/gcc/avr/6.2.0/avr5/libgcc.a(_mulsi3.o)
                              Lib/fat.o (__mulsi3)
/usr/lib/gcc/avr/6.2.0/avr5/libgcc.a(_udivmodhi4.o)
                              Lib/fat.o (__udivmodhi4)
/usr/lib/gcc/avr/6.2.0/avr5/libgcc.a(_udivmodsi4.o)
                              Lib/fat.o (__udivmodsi4)
/usr/lib/gcc/avr/6.2.0/avr5/libgcc.a(_exit.o)
                              /usr/lib/gcc/avr/6.2.0/../../../../avr/lib/avr5/crtatmega32u4.o (exit)
/usr/lib/gcc/avr/6.2.0/avr5/libgcc.a(_copy_data.o)
                              MassStorage.o (__do_copy_data)
/usr/lib/gcc/avr/6.2.0/avr5/libgcc.a(_clear_bss.o)
                              MassStorage.o (__do_clear_bss)
/usr/lib/gcc/avr/6.2.0/avr5/libgcc.a(_muluhisi3.o)
                              /usr/lib/gcc/avr/6.2.0/avr5/libgcc.a(_mulsi3.o) (__muluhisi3)
/usr/lib/gcc/avr/6.2.0/avr5/libgcc.a(_muldi3.o)
                              Lib/fat.o (__muldi3)
/usr/lib/gcc/avr/6.2.0/avr5/libgcc.a(_muldi3_6.o)
                              /usr/lib/gcc/avr/6.2.0/avr5/libgcc.a(_muldi3.o) (__muldi3_6)
/usr/lib/gcc/avr/6.2.0/avr5/libgcc.a(_umulsidi3.o)
                              Lib/fat.o (__umulsidi3)
/usr/lib/gcc/avr/6.2.0/avr5/libgcc.a(_ashldi3.o)
                              Lib/fat.o (__ashldi3)
/usr/lib/gcc/avr/6.2.0/avr5/libgcc.a(_ashrdi3.o)
                              Lib/sd_raw.o (__lshrdi3)
/usr/lib/gcc/avr/6.2.0/avr5/libgcc.a(_adddi3.o)
                              Lib/fat.o (__adddi3)
/usr/lib/gcc/avr/6.2.0/avr5/libgcc.a(_adddi3_s8.o)
                              data.o (__adddi3_s8)
/usr/lib/gcc/avr/6.2.0/avr5/libgcc.a(_subdi3.o)
                              Lib/sd_raw.o (__subdi3)
/usr/lib/gcc/avr/6.2.0/avr5/libgcc.a(_cmpdi2.o)
                              Lib/fat.o (__cmpdi2)
/usr/lib/gcc/avr/6.2.0/avr5/libgcc.a(_cmpdi2_s8.o)
                              Lib/fat.o (__cmpdi2_s8)
/usr/lib/gcc/avr/6.2.0/avr5/libgcc.a(_umulhisi3.o)
                              /usr/lib/gcc/avr/6.2.0/avr5/libgcc.a(_muluhisi3.o) (__umulhisi3)
/usr/lib/gcc/avr/6.2.0/../../../../avr/lib/avr5/libc.a(memcpy.o)
                              Lib/sd_raw.o (memcpy)
/usr/lib/gcc/avr/6.2.0/../../../../avr/lib/avr5/libc.a(strchr.o)
                              Lib/fat.o (strchr)
/usr/lib/gcc/avr/6.2.0/../../../../avr/lib/avr5/libc.a(strncmp.o)
                              Lib/fat.o (strncmp)
/usr/lib/gcc/avr/6.2.0/../../../../avr/lib/avr5/libatmega32u4.a(eerd_byte.o)
                              ../../../../LUFA/Drivers/USB/Core/AVR8/EndpointStream_AVR8.o (eeprom_read_byte)
/usr/lib/gcc/avr/6.2.0/../../../../avr/lib/avr5/libatmega32u4.a(eeupd_byte.o)
                              ../../../../LUFA/Drivers/USB/Core/AVR8/EndpointStream_AVR8.o (eeprom_update_byte)

Allocating common symbols
Common symbol       size              file

USB_IsInitialized   0x1               ../../../../LUFA/Drivers/USB/Core/USBTask.o
CommandBlock        0x1f              MassStorage.o
USB_DeviceState     0x1               ../../../../LUFA/Drivers/USB/Core/USBTask.o
USB_Device_ConfigurationNumber
                    0x1               ../../../../LUFA/Drivers/USB/Core/DeviceStandardReq.o
USB_Device_CurrentlySelfPowered
                    0x1               ../../../../LUFA/Drivers/USB/Core/DeviceStandardReq.o
USB_ControlRequest  0x8               ../../../../LUFA/Drivers/USB/Core/USBTask.o
USB_Device_RemoteWakeupEnabled
                    0x1               ../../../../LUFA/Drivers/USB/Core/DeviceStandardReq.o

Discarded input sections

 .data          0x0000000000000000        0x0 /usr/lib/gcc/avr/6.2.0/../../../../avr/lib/avr5/crtatmega32u4.o
 .bss           0x0000000000000000        0x0 /usr/lib/gcc/avr/6.2.0/../../../../avr/lib/avr5/crtatmega32u4.o
 .text          0x0000000000000000        0x0 MassStorage.o
 .text          0x0000000000000000        0x0 Descriptors.o
 .data          0x0000000000000000        0x0 Descriptors.o
 .bss           0x0000000000000000        0x0 Descriptors.o
 .text          0x0000000000000000        0x0 serial.o
 .data          0x0000000000000000        0x0 serial.o
 .bss           0x0000000000000000        0x0 serial.o
 .text          0x0000000000000000        0x0 data.o
 .bss           0x0000000000000000        0x0 data.o
 .text          0x0000000000000000        0x0 Lib/SCSI.o
 .bss           0x0000000000000000        0x0 Lib/SCSI.o
 .text          0x0000000000000000        0x0 Lib/byteordering.o
 .data          0x0000000000000000        0x0 Lib/byteordering.o
 .bss           0x0000000000000000        0x0 Lib/byteordering.o
 .text.read16   0x0000000000000000        0x8 Lib/byteordering.o
 .text.read32   0x0000000000000000        0xc Lib/byteordering.o
 .text.write16  0x0000000000000000        0x8 Lib/byteordering.o
 .text.write32  0x0000000000000000        0xc Lib/byteordering.o
 .debug_info    0x0000000000000000      0x167 Lib/byteordering.o
[...]
Memory Configuration

Name             Origin             Length             Attributes
text             0x0000000000000000 0x0000000000020000 xr
data             0x0000000000800060 0x000000000000ffa0 rw !x
eeprom           0x0000000000810000 0x0000000000010000 rw !x
fuse             0x0000000000820000 0x0000000000000400 rw !x
lock             0x0000000000830000 0x0000000000000400 rw !x
signature        0x0000000000840000 0x0000000000000400 rw !x
user_signatures  0x0000000000850000 0x0000000000000400 rw !x
*default*        0x0000000000000000 0xffffffffffffffff

Linker script and memory map

Address of section .data set to 0x800100
LOAD /usr/lib/gcc/avr/6.2.0/../../../../avr/lib/avr5/crtatmega32u4.o
LOAD MassStorage.o
LOAD Descriptors.o
LOAD serial.o
LOAD data.o
LOAD Lib/SCSI.o
LOAD Lib/byteordering.o
LOAD Lib/fat.o
LOAD Lib/partition.o
LOAD Lib/sd_raw.o
LOAD ../../../../LUFA/Drivers/USB/Class/Common/HIDParser.o
LOAD ../../../../LUFA/Drivers/USB/Core/AVR8/Device_AVR8.o
LOAD ../../../../LUFA/Drivers/USB/Core/AVR8/EndpointStream_AVR8.o
LOAD ../../../../LUFA/Drivers/USB/Core/AVR8/Endpoint_AVR8.o
LOAD ../../../../LUFA/Drivers/USB/Core/AVR8/Host_AVR8.o
LOAD ../../../../LUFA/Drivers/USB/Core/AVR8/PipeStream_AVR8.o
LOAD ../../../../LUFA/Drivers/USB/Core/AVR8/Pipe_AVR8.o
LOAD ../../../../LUFA/Drivers/USB/Core/AVR8/USBController_AVR8.o
LOAD ../../../../LUFA/Drivers/USB/Core/AVR8/USBInterrupt_AVR8.o
LOAD ../../../../LUFA/Drivers/USB/Core/ConfigDescriptors.o
LOAD ../../../../LUFA/Drivers/USB/Core/DeviceStandardReq.o
LOAD ../../../../LUFA/Drivers/USB/Core/Events.o
LOAD ../../../../LUFA/Drivers/USB/Core/HostStandardReq.o
LOAD ../../../../LUFA/Drivers/USB/Core/USBTask.o
LOAD /usr/lib/gcc/avr/6.2.0/../../../../avr/lib/avr5/libm.a
START GROUP
LOAD /usr/lib/gcc/avr/6.2.0/avr5/libgcc.a
LOAD /usr/lib/gcc/avr/6.2.0/../../../../avr/lib/avr5/libm.a
LOAD /usr/lib/gcc/avr/6.2.0/../../../../avr/lib/avr5/libc.a
LOAD /usr/lib/gcc/avr/6.2.0/../../../../avr/lib/avr5/libatmega32u4.a
END GROUP
                0x0000000000020000                __TEXT_REGION_LENGTH__ = DEFINED (__TEXT_REGION_LENGTH__)?__TEXT_REGION_LENGTH__:0x20000
                0x000000000000ffa0                __DATA_REGION_LENGTH__ = DEFINED (__DATA_REGION_LENGTH__)?__DATA_REGION_LENGTH__:0xffa0
                0x0000000000010000                __EEPROM_REGION_LENGTH__ = DEFINED (__EEPROM_REGION_LENGTH__)?__EEPROM_REGION_LENGTH__:0x10000
                0x0000000000000400                __FUSE_REGION_LENGTH__ = DEFINED (__FUSE_REGION_LENGTH__)?__FUSE_REGION_LENGTH__:0x400
                0x0000000000000400                __LOCK_REGION_LENGTH__ = DEFINED (__LOCK_REGION_LENGTH__)?__LOCK_REGION_LENGTH__:0x400
                0x0000000000000400                __SIGNATURE_REGION_LENGTH__ = DEFINED (__SIGNATURE_REGION_LENGTH__)?__SIGNATURE_REGION_LENGTH__:0x400
                0x0000000000000400                __USER_SIGNATURE_REGION_LENGTH__ = DEFINED (__USER_SIGNATURE_REGION_LENGTH__)?__USER_SIGNATURE_REGION_LENGTH__:0x400

.hash
 *(.hash)

.dynsym
 *(.dynsym)

.dynstr
 *(.dynstr)

.gnu.version
 *(.gnu.version)

.gnu.version_d
 *(.gnu.version_d)

.gnu.version_r
 *(.gnu.version_r)

.rel.init
 *(.rel.init)

.rela.init
 *(.rela.init)

.rel.text
 *(.rel.text)
 *(.rel.text.*)
 *(.rel.gnu.linkonce.t*)

.rela.text
 *(.rela.text)
 *(.rela.text.*)
 *(.rela.gnu.linkonce.t*)

.rel.fini
 *(.rel.fini)

.rela.fini
 *(.rela.fini)

.rel.rodata
 *(.rel.rodata)
 *(.rel.rodata.*)
 *(.rel.gnu.linkonce.r*)

.rela.rodata
 *(.rela.rodata)
 *(.rela.rodata.*)
 *(.rela.gnu.linkonce.r*)

.rel.data
 *(.rel.data)
 *(.rel.data.*)
 *(.rel.gnu.linkonce.d*)

.rela.data
 *(.rela.data)
 *(.rela.data.*)
 *(.rela.gnu.linkonce.d*)

.rel.ctors
 *(.rel.ctors)

.rela.ctors
 *(.rela.ctors)

.rel.dtors
 *(.rel.dtors)

.rela.dtors
 *(.rela.dtors)

.rel.got
 *(.rel.got)

.rela.got
 *(.rela.got)

.rel.bss
 *(.rel.bss)

.rela.bss
 *(.rela.bss)

.rel.plt
 *(.rel.plt)

.rela.plt
 *(.rela.plt)

.text           0x0000000000000000     0x18ee
 *(.vectors)
 .vectors       0x0000000000000000       0xac /usr/lib/gcc/avr/6.2.0/../../../../avr/lib/avr5/crtatmega32u4.o
                0x0000000000000000                __vectors
                0x0000000000000000                __vector_default
 *(.vectors)
 *(.progmem.gcc*)
                0x00000000000000ac                . = ALIGN (0x2)
                0x00000000000000ac                __trampolines_start = .
 *(.trampolines)
 .trampolines   0x00000000000000ac        0x0 linker stubs
 *(.trampolines*)
                0x00000000000000ac                __trampolines_end = .
 *libprintf_flt.a:*(.progmem.data)
 *libc.a:*(.progmem.data)
 *(.progmem*)
 .progmem.data  0x00000000000000ac       0x70 Descriptors.o
                0x00000000000000ac                ProductString
                0x00000000000000da                ManufacturerString
                0x00000000000000e6                LanguageString
                0x00000000000000ea                ConfigurationDescriptor
                0x000000000000010a                DeviceDescriptor
                0x000000000000011c                . = ALIGN (0x2)
 *(.jumptables)
 *(.jumptables*)
 *(.lowtext)
 *(.lowtext*)
                0x000000000000011c                __ctors_start = .
 *(.ctors)
                0x000000000000011c                __ctors_end = .
                0x000000000000011c                __dtors_start = .
 *(.dtors)
                0x000000000000011c                __dtors_end = .
 SORT(*)(.ctors)
 SORT(*)(.dtors)
 *(.init0)
 .init0         0x000000000000011c        0x0 /usr/lib/gcc/avr/6.2.0/../../../../avr/lib/avr5/crtatmega32u4.o
                0x000000000000011c                __init
 *(.init0)
 *(.init1)
 *(.init1)
 *(.init2)
 .init2         0x000000000000011c        0xc /usr/lib/gcc/avr/6.2.0/../../../../avr/lib/avr5/crtatmega32u4.o
 *(.init2)
 *(.init3)
 *(.init3)
 *(.init4)
 .init4         0x0000000000000128       0x16 /usr/lib/gcc/avr/6.2.0/avr5/libgcc.a(_copy_data.o)
                0x0000000000000128                __do_copy_data
 .init4         0x000000000000013e       0x10 /usr/lib/gcc/avr/6.2.0/avr5/libgcc.a(_clear_bss.o)
                0x000000000000013e                __do_clear_bss
 *(.init4)
 *(.init5)
 *(.init5)
 *(.init6)
 *(.init6)
 *(.init7)
 *(.init7)
 *(.init8)
 *(.init8)
 *(.init9)
 .init9         0x000000000000014e        0x6 /usr/lib/gcc/avr/6.2.0/../../../../avr/lib/avr5/crtatmega32u4.o
 *(.init9)
 *(.text)
 .text          0x0000000000000154        0x2 /usr/lib/gcc/avr/6.2.0/../../../../avr/lib/avr5/crtatmega32u4.o
                0x0000000000000154                __vector_38
                0x0000000000000154                __vector_22
                0x0000000000000154                __vector_28
                0x0000000000000154                __vector_1
                0x0000000000000154                __vector_32
                0x0000000000000154                __vector_34
                0x0000000000000154                __vector_24
                0x0000000000000154                __vector_12
                0x0000000000000154                __bad_interrupt
                0x0000000000000154                __vector_6
                0x0000000000000154                __vector_31
                0x0000000000000154                __vector_35
                0x0000000000000154                __vector_39
                0x0000000000000154                __vector_3
                0x0000000000000154                __vector_23
                0x0000000000000154                __vector_30
                0x0000000000000154                __vector_25
                0x0000000000000154                __vector_13
                0x0000000000000154                __vector_17
                0x0000000000000154                __vector_19
                0x0000000000000154                __vector_7
                0x0000000000000154                __vector_41
                0x0000000000000154                __vector_27
                0x0000000000000154                __vector_5
                0x0000000000000154                __vector_33
                0x0000000000000154                __vector_37
                0x0000000000000154                __vector_4
                0x0000000000000154                __vector_9
                0x0000000000000154                __vector_2
                0x0000000000000154                __vector_21
                0x0000000000000154                __vector_15
                0x0000000000000154                __vector_36
                0x0000000000000154                __vector_29
                0x0000000000000154                __vector_40
                0x0000000000000154                __vector_8
                0x0000000000000154                __vector_26
                0x0000000000000154                __vector_14
                0x0000000000000154                __vector_16
                0x0000000000000154                __vector_18
                0x0000000000000154                __vector_20
                0x0000000000000154                __vector_42
                0x0000000000000156                . = ALIGN (0x2)
 *(.text.*)
 .text.LEDs_SetAllLEDs
                0x0000000000000156       0x28 MassStorage.o
 .text.SetupHardware
                0x000000000000017e       0x3e MassStorage.o
                0x000000000000017e                SetupHardware
 .text.EVENT_USB_Device_Connect
                0x00000000000001bc        0xa MassStorage.o
                0x00000000000001bc                EVENT_USB_Device_Connect
 .text.EVENT_USB_Device_Disconnect
                0x00000000000001c6        0x4 MassStorage.o
                0x00000000000001c6                EVENT_USB_Device_Disconnect
 .text.EVENT_USB_Device_ConfigurationChanged
                0x00000000000001ca       0x26 MassStorage.o
                0x00000000000001ca                EVENT_USB_Device_ConfigurationChanged
 .text.EVENT_USB_Device_ControlRequest
                0x00000000000001f0       0x4c MassStorage.o
                0x00000000000001f0                EVENT_USB_Device_ControlRequest
 .text.MassStorage_Task
                0x000000000000023c      0x1f6 MassStorage.o
                0x000000000000023c                MassStorage_Task
 .text.startup.main
                0x0000000000000432       0x28 MassStorage.o
                0x0000000000000432                main
 .text.CALLBACK_USB_GetDescriptor
                0x000000000000045a       0x60 Descriptors.o
                0x000000000000045a                CALLBACK_USB_GetDescriptor
 .text.serialBegin
                0x00000000000004ba       0x20 serial.o
                0x00000000000004ba                serialBegin
 .text.serialWrite
                0x00000000000004da        0xe serial.o
                0x00000000000004da                serialWrite
 .text.serialWriteArray
                0x00000000000004e8       0x26 serial.o
                0x00000000000004e8                serialWriteArray
 .text.readData
                0x000000000000050e      0x286 data.o
                0x000000000000050e                readData
 .text.SCSI_DecodeSCSICommand
                0x0000000000000794      0x2d6 Lib/SCSI.o
                0x0000000000000794                SCSI_DecodeSCSICommand
 .text.sd_raw_send_byte
                0x0000000000000a6a       0x10 Lib/sd_raw.o
 .text.sd_raw_rec_byte
                0x0000000000000a7a       0x14 Lib/sd_raw.o
 .text.sd_raw_send_command
                0x0000000000000a8e       0x58 Lib/sd_raw.o
 .text.sd_raw_read
                0x0000000000000ae6      0x1fc Lib/sd_raw.o
                0x0000000000000ae6                sd_raw_read
 .text.sd_raw_init
                0x0000000000000ce2      0x184 Lib/sd_raw.o
                0x0000000000000ce2                sd_raw_init
 .text.Endpoint_Null_Stream
                0x0000000000000e66       0x86 ../../../../LUFA/Drivers/USB/Core/AVR8/EndpointStream_AVR8.o
                0x0000000000000e66                Endpoint_Null_Stream
 .text.Endpoint_Write_Stream_LE
                0x0000000000000eec       0x9a ../../../../LUFA/Drivers/USB/Core/AVR8/EndpointStream_AVR8.o
                0x0000000000000eec                Endpoint_Write_Stream_LE
 .text.Endpoint_Read_Stream_LE
                0x0000000000000f86       0x9a ../../../../LUFA/Drivers/USB/Core/AVR8/EndpointStream_AVR8.o
                0x0000000000000f86                Endpoint_Read_Stream_LE
 .text.Endpoint_Write_Control_Stream_LE
                0x0000000000001020       0xba ../../../../LUFA/Drivers/USB/Core/AVR8/EndpointStream_AVR8.o
                0x0000000000001020                Endpoint_Write_Control_Stream_LE
 .text.Endpoint_Write_Control_PStream_LE
                0x00000000000010da       0xbc ../../../../LUFA/Drivers/USB/Core/AVR8/EndpointStream_AVR8.o
                0x00000000000010da                Endpoint_Write_Control_PStream_LE
 .text.Endpoint_ConfigureEndpoint_Prv
                0x0000000000001196       0x6a ../../../../LUFA/Drivers/USB/Core/AVR8/Endpoint_AVR8.o
                0x0000000000001196                Endpoint_ConfigureEndpoint_Prv
 .text.Endpoint_ClearStatusStage
                0x0000000000001200       0x3e ../../../../LUFA/Drivers/USB/Core/AVR8/Endpoint_AVR8.o
                0x0000000000001200                Endpoint_ClearStatusStage
 .text.Endpoint_WaitUntilReady
                0x000000000000123e       0x5e ../../../../LUFA/Drivers/USB/Core/AVR8/Endpoint_AVR8.o
                0x000000000000123e                Endpoint_WaitUntilReady
 .text.USB_ResetInterface
                0x000000000000129c       0x80 ../../../../LUFA/Drivers/USB/Core/AVR8/USBController_AVR8.o
                0x000000000000129c                USB_ResetInterface
 .text.USB_Init
                0x000000000000131c       0x20 ../../../../LUFA/Drivers/USB/Core/AVR8/USBController_AVR8.o
                0x000000000000131c                USB_Init
 .text.USB_INT_DisableAllInterrupts
                0x000000000000133c       0x10 ../../../../LUFA/Drivers/USB/Core/AVR8/USBInterrupt_AVR8.o
                0x000000000000133c                USB_INT_DisableAllInterrupts
 .text.USB_INT_ClearAllInterrupts
                0x000000000000134c        0xa ../../../../LUFA/Drivers/USB/Core/AVR8/USBInterrupt_AVR8.o
                0x000000000000134c                USB_INT_ClearAllInterrupts
 .text.__vector_10
                0x0000000000001356      0x19c ../../../../LUFA/Drivers/USB/Core/AVR8/USBInterrupt_AVR8.o
                0x0000000000001356                __vector_10
 .text.__vector_11
                0x00000000000014f2       0x76 ../../../../LUFA/Drivers/USB/Core/AVR8/USBInterrupt_AVR8.o
                0x00000000000014f2                __vector_11
 .text.USB_Device_ProcessControlRequest
                0x0000000000001568      0x2ae ../../../../LUFA/Drivers/USB/Core/DeviceStandardReq.o
                0x0000000000001568                USB_Device_ProcessControlRequest
 .text.USB_Event_Stub
                0x0000000000001816        0x2 ../../../../LUFA/Drivers/USB/Core/Events.o
                0x0000000000001816                EVENT_USB_Device_WakeUp
                0x0000000000001816                USB_Event_Stub
                0x0000000000001816                EVENT_USB_Device_Suspend
                0x0000000000001816                EVENT_USB_Device_StartOfFrame
                0x0000000000001816                EVENT_USB_Device_Reset
 .text.USB_USBTask
                0x0000000000001818       0x36 ../../../../LUFA/Drivers/USB/Core/USBTask.o
                0x0000000000001818                USB_USBTask
 .text.libgcc.builtins
                0x000000000000184e       0x3c /usr/lib/gcc/avr/6.2.0/avr5/libgcc.a(_ashrdi3.o)
                0x000000000000184e                __ashrdi3
                0x0000000000001852                __lshrdi3
 .text.libgcc   0x000000000000188a       0x12 /usr/lib/gcc/avr/6.2.0/avr5/libgcc.a(_adddi3.o)
                0x000000000000188a                __adddi3
 .text.libgcc   0x000000000000189c       0x18 /usr/lib/gcc/avr/6.2.0/avr5/libgcc.a(_adddi3_s8.o)
                0x000000000000189c                __adddi3_s8
 .text.libgcc   0x00000000000018b4       0x12 /usr/lib/gcc/avr/6.2.0/avr5/libgcc.a(_subdi3.o)
                0x00000000000018b4                __subdi3
 .text.libgcc   0x00000000000018c6       0x12 /usr/lib/gcc/avr/6.2.0/avr5/libgcc.a(_cmpdi2.o)
                0x00000000000018c6                __cmpdi2
 .text.avr-libc
                0x00000000000018d8       0x12 /usr/lib/gcc/avr/6.2.0/../../../../avr/lib/avr5/libc.a(memcpy.o)
                0x00000000000018d8                memcpy
                0x00000000000018ea                . = ALIGN (0x2)
 *(.fini9)
 .fini9         0x00000000000018ea        0x0 /usr/lib/gcc/avr/6.2.0/avr5/libgcc.a(_exit.o)
                0x00000000000018ea                exit
                0x00000000000018ea                _exit
 *(.fini9)
 *(.fini8)
 *(.fini8)
 *(.fini7)
 *(.fini7)
 *(.fini6)
 *(.fini6)
 *(.fini5)
 *(.fini5)
 *(.fini4)
 *(.fini4)
 *(.fini3)
 *(.fini3)
 *(.fini2)
 *(.fini2)
 *(.fini1)
 *(.fini1)
 *(.fini0)
 .fini0         0x00000000000018ea        0x4 /usr/lib/gcc/avr/6.2.0/avr5/libgcc.a(_exit.o)
 *(.fini0)
                0x00000000000018ee                _etext = .

.data           0x0000000000800100      0x194 load address 0x00000000000018ee
                0x0000000000800100                PROVIDE (__data_start, .)
 *(.data)
 .data          0x0000000000800100       0x34 MassStorage.o
                0x0000000000800100                sderrormsg
                0x0000000000800114                hexLookup
                0x0000000000800123                serialmsg
                0x0000000000800127                CommandStatus
 .data          0x0000000000800134       0x3a data.o
                0x0000000000800134                chunkmsg
                0x0000000000800139                buffermsg
                0x0000000000800141                endpointfullmsg
                0x0000000000800150                currentblkmsg
                0x000000000080015c                TotalBlocksmsg
                0x0000000000800165                BlockAddressmsg
 .data          0x000000000080016e      0x102 Lib/SCSI.o
                0x0000000000800180                invalidmsg
                0x0000000000800191                verifymsg
                0x00000000008001a1                preventallowmediumremovalmsg
                0x00000000008001c0                testunitmsg
                0x00000000008001d3                startstopmsg
                0x00000000008001e7                modesensemsg
                0x00000000008001fb                readmsg
                0x0000000000800209                writemsg
                0x0000000000800218                senddiagnosticmsg
                0x0000000000800231                readcapacitymsg
                0x0000000000800248                requestsensemsg
                0x000000000080025f                inquirymsg
 *(.data*)
 *(.rodata)
 .rodata        0x0000000000800270       0x24 Lib/SCSI.o
 *(.rodata*)
 *(.gnu.linkonce.d*)
                0x0000000000800294                . = ALIGN (0x2)
                0x0000000000800294                _edata = .
                0x0000000000800294                PROVIDE (__data_end, .)

.bss            0x0000000000800294      0x236
                0x0000000000800294                PROVIDE (__bss_start, .)
 *(.bss)
 .bss           0x0000000000800294        0x1 MassStorage.o
                0x0000000000800294                IsMassStoreReset
 .bss           0x0000000000800295      0x209 Lib/sd_raw.o
 *(.bss*)
 *(COMMON)
 COMMON         0x000000000080049e       0x1f MassStorage.o
                0x000000000080049e                CommandBlock
 COMMON         0x00000000008004bd        0x3 ../../../../LUFA/Drivers/USB/Core/DeviceStandardReq.o
                0x00000000008004bd                USB_Device_ConfigurationNumber
                0x00000000008004be                USB_Device_CurrentlySelfPowered
                0x00000000008004bf                USB_Device_RemoteWakeupEnabled
 COMMON         0x00000000008004c0        0xa ../../../../LUFA/Drivers/USB/Core/USBTask.o
                0x00000000008004c0                USB_IsInitialized
                0x00000000008004c1                USB_DeviceState
                0x00000000008004c2                USB_ControlRequest
                0x00000000008004ca                PROVIDE (__bss_end, .)
                0x00000000000018ee                __data_load_start = LOADADDR (.data)
                0x0000000000001a82                __data_load_end = (__data_load_start + SIZEOF (.data))

.noinit         0x00000000008004ca        0x0
                [!provide]                        PROVIDE (__noinit_start, .)
 *(.noinit*)
                [!provide]                        PROVIDE (__noinit_end, .)
                0x00000000008004ca                _end = .
                [!provide]                        PROVIDE (__heap_start, .)

.eeprom         0x0000000000810000        0x0
 *(.eeprom*)
                0x0000000000810000                __eeprom_end = .

.fuse
 *(.fuse)
 *(.lfuse)
 *(.hfuse)
 *(.efuse)

.lock
 *(.lock*)

.signature
 *(.signature*)

.stab
 *(.stab)

.stabstr
 *(.stabstr)

.stab.excl
 *(.stab.excl)

.stab.exclstr
 *(.stab.exclstr)

.stab.index
 *(.stab.index)

.stab.indexstr
 *(.stab.indexstr)

.comment        0x0000000000000000       0x11
 *(.comment)
 .comment       0x0000000000000000       0x11 MassStorage.o
                                         0x12 (size before relaxing)
 .comment       0x0000000000000011       0x12 Descriptors.o
 .comment       0x0000000000000011       0x12 serial.o
 .comment       0x0000000000000011       0x12 data.o
 .comment       0x0000000000000011       0x12 Lib/SCSI.o
 .comment       0x0000000000000011       0x12 Lib/sd_raw.o
 .comment       0x0000000000000011       0x12 ../../../../LUFA/Drivers/USB/Core/AVR8/EndpointStream_AVR8.o
 .comment       0x0000000000000011       0x12 ../../../../LUFA/Drivers/USB/Core/AVR8/Endpoint_AVR8.o
 .comment       0x0000000000000011       0x12 ../../../../LUFA/Drivers/USB/Core/AVR8/USBController_AVR8.o
 .comment       0x0000000000000011       0x12 ../../../../LUFA/Drivers/USB/Core/AVR8/USBInterrupt_AVR8.o
 .comment       0x0000000000000011       0x12 ../../../../LUFA/Drivers/USB/Core/DeviceStandardReq.o
 .comment       0x0000000000000011       0x12 ../../../../LUFA/Drivers/USB/Core/Events.o
 .comment       0x0000000000000011       0x12 ../../../../LUFA/Drivers/USB/Core/USBTask.o

.note.gnu.avr.deviceinfo
                0x0000000000000000       0x40
 .note.gnu.avr.deviceinfo
                0x0000000000000000       0x40 /usr/lib/gcc/avr/6.2.0/../../../../avr/lib/avr5/crtatmega32u4.o

.note.gnu.build-id
 *(.note.gnu.build-id)

.debug
 *(.debug)

.line
 *(.line)

.debug_srcinfo
 *(.debug_srcinfo)

.debug_sfnames
 *(.debug_sfnames)

.debug_aranges  0x0000000000000000      0x318
 *(.debug_aranges)
 .debug_aranges
                0x0000000000000000       0x58 MassStorage.o
 .debug_aranges
                0x0000000000000058       0x20 Descriptors.o
 .debug_aranges
                0x0000000000000078       0x30 serial.o
 .debug_aranges
                0x00000000000000a8       0x20 data.o
 .debug_aranges
                0x00000000000000c8       0x20 Lib/SCSI.o
 .debug_aranges
                0x00000000000000e8       0x60 Lib/sd_raw.o
 .debug_aranges
                0x0000000000000148       0xc8 ../../../../LUFA/Drivers/USB/Core/AVR8/EndpointStream_AVR8.o
 .debug_aranges
                0x0000000000000210       0x40 ../../../../LUFA/Drivers/USB/Core/AVR8/Endpoint_AVR8.o
 .debug_aranges
                0x0000000000000250       0x30 ../../../../LUFA/Drivers/USB/Core/AVR8/USBController_AVR8.o
 .debug_aranges
                0x0000000000000280       0x38 ../../../../LUFA/Drivers/USB/Core/AVR8/USBInterrupt_AVR8.o
 .debug_aranges
                0x00000000000002b8       0x20 ../../../../LUFA/Drivers/USB/Core/DeviceStandardReq.o
 .debug_aranges
                0x00000000000002d8       0x20 ../../../../LUFA/Drivers/USB/Core/Events.o
 .debug_aranges
                0x00000000000002f8       0x20 ../../../../LUFA/Drivers/USB/Core/USBTask.o

.debug_pubnames
 *(.debug_pubnames)

.debug_info     0x0000000000000000     0x7842
 *(.debug_info .gnu.linkonce.wi.*)
 .debug_info    0x0000000000000000      0x9f4 /usr/lib/gcc/avr/6.2.0/../../../../avr/lib/avr5/crtatmega32u4.o
 .debug_info    0x00000000000009f4      0xd08 MassStorage.o
 .debug_info    0x00000000000016fc      0x7b0 Descriptors.o
 .debug_info    0x0000000000001eac      0x124 serial.o
 .debug_info    0x0000000000001fd0      0x873 data.o
 .debug_info    0x0000000000002843      0xda8 Lib/SCSI.o
 .debug_info    0x00000000000035eb      0x904 Lib/sd_raw.o
 .debug_info    0x0000000000003eef     0x17dc ../../../../LUFA/Drivers/USB/Core/AVR8/EndpointStream_AVR8.o
 .debug_info    0x00000000000056cb      0x651 ../../../../LUFA/Drivers/USB/Core/AVR8/Endpoint_AVR8.o
 .debug_info    0x0000000000005d1c      0x54e ../../../../LUFA/Drivers/USB/Core/AVR8/USBController_AVR8.o
 .debug_info    0x000000000000626a      0x87a ../../../../LUFA/Drivers/USB/Core/AVR8/USBInterrupt_AVR8.o
 .debug_info    0x0000000000006ae4      0xa39 ../../../../LUFA/Drivers/USB/Core/DeviceStandardReq.o
 .debug_info    0x000000000000751d       0x78 ../../../../LUFA/Drivers/USB/Core/Events.o
 .debug_info    0x0000000000007595      0x2ad ../../../../LUFA/Drivers/USB/Core/USBTask.o

.debug_abbrev   0x0000000000000000     0x2403
 *(.debug_abbrev)
 .debug_abbrev  0x0000000000000000      0x96a /usr/lib/gcc/avr/6.2.0/../../../../avr/lib/avr5/crtatmega32u4.o
 .debug_abbrev  0x000000000000096a      0x37c MassStorage.o
 .debug_abbrev  0x0000000000000ce6      0x1b9 Descriptors.o
 .debug_abbrev  0x0000000000000e9f       0xf2 serial.o
 .debug_abbrev  0x0000000000000f91      0x25f data.o
 .debug_abbrev  0x00000000000011f0      0x2f4 Lib/SCSI.o
 .debug_abbrev  0x00000000000014e4      0x253 Lib/sd_raw.o
 .debug_abbrev  0x0000000000001737      0x208 ../../../../LUFA/Drivers/USB/Core/AVR8/EndpointStream_AVR8.o
 .debug_abbrev  0x000000000000193f      0x240 ../../../../LUFA/Drivers/USB/Core/AVR8/Endpoint_AVR8.o
 .debug_abbrev  0x0000000000001b7f      0x1ad ../../../../LUFA/Drivers/USB/Core/AVR8/USBController_AVR8.o
 .debug_abbrev  0x0000000000001d2c      0x22f ../../../../LUFA/Drivers/USB/Core/AVR8/USBInterrupt_AVR8.o
 .debug_abbrev  0x0000000000001f5b      0x2ce ../../../../LUFA/Drivers/USB/Core/DeviceStandardReq.o
 .debug_abbrev  0x0000000000002229       0x44 ../../../../LUFA/Drivers/USB/Core/Events.o
 .debug_abbrev  0x000000000000226d      0x196 ../../../../LUFA/Drivers/USB/Core/USBTask.o

.debug_line     0x0000000000000000     0x3dce
 *(.debug_line .debug_line.* .debug_line_end)
 .debug_line    0x0000000000000000       0x1d /usr/lib/gcc/avr/6.2.0/../../../../avr/lib/avr5/crtatmega32u4.o
 .debug_line    0x000000000000001d      0x646 MassStorage.o
 .debug_line    0x0000000000000663      0x224 Descriptors.o
 .debug_line    0x0000000000000887       0xb6 serial.o
 .debug_line    0x000000000000093d      0x3b8 data.o
 .debug_line    0x0000000000000cf5      0x3c2 Lib/SCSI.o
 .debug_line    0x00000000000010b7      0x5f3 Lib/sd_raw.o
 .debug_line    0x00000000000016aa     0x13bc ../../../../LUFA/Drivers/USB/Core/AVR8/EndpointStream_AVR8.o
 .debug_line    0x0000000000002a66      0x4b9 ../../../../LUFA/Drivers/USB/Core/AVR8/Endpoint_AVR8.o
 .debug_line    0x0000000000002f1f      0x2fc ../../../../LUFA/Drivers/USB/Core/AVR8/USBController_AVR8.o
 .debug_line    0x000000000000321b      0x530 ../../../../LUFA/Drivers/USB/Core/AVR8/USBInterrupt_AVR8.o
 .debug_line    0x000000000000374b      0x4ad ../../../../LUFA/Drivers/USB/Core/DeviceStandardReq.o
 .debug_line    0x0000000000003bf8       0x5b ../../../../LUFA/Drivers/USB/Core/Events.o
 .debug_line    0x0000000000003c53      0x17b ../../../../LUFA/Drivers/USB/Core/USBTask.o

.debug_frame    0x0000000000000000      0xa18
 *(.debug_frame)
 .debug_frame   0x0000000000000000       0xac MassStorage.o
 .debug_frame   0x00000000000000ac       0x24 Descriptors.o
 .debug_frame   0x00000000000000d0       0x58 serial.o
 .debug_frame   0x0000000000000128       0x84 data.o
 .debug_frame   0x00000000000001ac       0x38 Lib/SCSI.o
 .debug_frame   0x00000000000001e4      0x1dc Lib/sd_raw.o
 .debug_frame   0x00000000000003c0      0x414 ../../../../LUFA/Drivers/USB/Core/AVR8/EndpointStream_AVR8.o
 .debug_frame   0x00000000000007d4       0x78 ../../../../LUFA/Drivers/USB/Core/AVR8/Endpoint_AVR8.o
 .debug_frame   0x000000000000084c       0x58 ../../../../LUFA/Drivers/USB/Core/AVR8/USBController_AVR8.o
 .debug_frame   0x00000000000008a4       0xe8 ../../../../LUFA/Drivers/USB/Core/AVR8/USBInterrupt_AVR8.o
 .debug_frame   0x000000000000098c       0x3c ../../../../LUFA/Drivers/USB/Core/DeviceStandardReq.o
 .debug_frame   0x00000000000009c8       0x24 ../../../../LUFA/Drivers/USB/Core/Events.o
 .debug_frame   0x00000000000009ec       0x2c ../../../../LUFA/Drivers/USB/Core/USBTask.o

.debug_str      0x0000000000000000     0x27a3
 *(.debug_str)
 .debug_str     0x0000000000000000      0x371 /usr/lib/gcc/avr/6.2.0/../../../../avr/lib/avr5/crtatmega32u4.o
 .debug_str     0x0000000000000371      0x93d MassStorage.o
                                        0x9c1 (size before relaxing)
 .debug_str     0x0000000000000cae      0x637 Descriptors.o
                                        0x952 (size before relaxing)
 .debug_str     0x00000000000012e5       0x1a serial.o
                                        0x1e6 (size before relaxing)
 .debug_str     0x00000000000012ff       0xde data.o
                                        0x4be (size before relaxing)
 .debug_str     0x00000000000013dd      0x387 Lib/SCSI.o
                                        0x7ed (size before relaxing)
 .debug_str     0x0000000000001764      0x20b Lib/sd_raw.o
                                        0x418 (size before relaxing)
 .debug_str     0x000000000000196f      0x403 ../../../../LUFA/Drivers/USB/Core/AVR8/EndpointStream_AVR8.o
                                        0x8ff (size before relaxing)
 .debug_str     0x0000000000001d72      0x244 ../../../../LUFA/Drivers/USB/Core/AVR8/Endpoint_AVR8.o
                                        0x6bf (size before relaxing)
 .debug_str     0x0000000000001fb6      0x223 ../../../../LUFA/Drivers/USB/Core/AVR8/USBController_AVR8.o
                                        0x5e3 (size before relaxing)
 .debug_str     0x00000000000021d9      0x196 ../../../../LUFA/Drivers/USB/Core/AVR8/USBInterrupt_AVR8.o
                                        0x6b3 (size before relaxing)
 .debug_str     0x000000000000236f      0x3b2 ../../../../LUFA/Drivers/USB/Core/DeviceStandardReq.o
                                        0xa13 (size before relaxing)
 .debug_str     0x0000000000002721       0x3a ../../../../LUFA/Drivers/USB/Core/Events.o
                                        0x1d3 (size before relaxing)
 .debug_str     0x000000000000275b       0x48 ../../../../LUFA/Drivers/USB/Core/USBTask.o
                                        0x412 (size before relaxing)

.debug_loc      0x0000000000000000     0x48df
 *(.debug_loc)
 .debug_loc     0x0000000000000000      0x286 MassStorage.o
 .debug_loc     0x0000000000000286      0x17a Descriptors.o
 .debug_loc     0x0000000000000400       0xee serial.o
 .debug_loc     0x00000000000004ee      0x410 data.o
 .debug_loc     0x00000000000008fe      0x1ee Lib/SCSI.o
 .debug_loc     0x0000000000000aec      0xcaa Lib/sd_raw.o
 .debug_loc     0x0000000000001796     0x24ff ../../../../LUFA/Drivers/USB/Core/AVR8/EndpointStream_AVR8.o
 .debug_loc     0x0000000000003c95      0x440 ../../../../LUFA/Drivers/USB/Core/AVR8/Endpoint_AVR8.o
 .debug_loc     0x00000000000040d5       0xd5 ../../../../LUFA/Drivers/USB/Core/AVR8/USBController_AVR8.o
 .debug_loc     0x00000000000041aa      0x3e7 ../../../../LUFA/Drivers/USB/Core/AVR8/USBInterrupt_AVR8.o
 .debug_loc     0x0000000000004591      0x305 ../../../../LUFA/Drivers/USB/Core/DeviceStandardReq.o
 .debug_loc     0x0000000000004896       0x49 ../../../../LUFA/Drivers/USB/Core/USBTask.o

.debug_macinfo
 *(.debug_macinfo)

.debug_weaknames
 *(.debug_weaknames)

.debug_funcnames
 *(.debug_funcnames)

.debug_typenames
 *(.debug_typenames)

.debug_varnames
 *(.debug_varnames)

.debug_pubtypes
 *(.debug_pubtypes)

.debug_ranges   0x0000000000000000      0x850
 *(.debug_ranges)
 .debug_ranges  0x0000000000000000       0x88 MassStorage.o
 .debug_ranges  0x0000000000000088       0x28 Descriptors.o
 .debug_ranges  0x00000000000000b0       0x38 serial.o
 .debug_ranges  0x00000000000000e8      0x148 data.o
 .debug_ranges  0x0000000000000230       0x40 Lib/SCSI.o
 .debug_ranges  0x0000000000000270       0xf8 Lib/sd_raw.o
 .debug_ranges  0x0000000000000368      0x228 ../../../../LUFA/Drivers/USB/Core/AVR8/EndpointStream_AVR8.o
 .debug_ranges  0x0000000000000590       0xe8 ../../../../LUFA/Drivers/USB/Core/AVR8/Endpoint_AVR8.o
 .debug_ranges  0x0000000000000678       0x20 ../../../../LUFA/Drivers/USB/Core/AVR8/USBController_AVR8.o
 .debug_ranges  0x0000000000000698       0x28 ../../../../LUFA/Drivers/USB/Core/AVR8/USBInterrupt_AVR8.o
 .debug_ranges  0x00000000000006c0      0x128 ../../../../LUFA/Drivers/USB/Core/DeviceStandardReq.o
 .debug_ranges  0x00000000000007e8       0x10 ../../../../LUFA/Drivers/USB/Core/Events.o
 .debug_ranges  0x00000000000007f8       0x58 ../../../../LUFA/Drivers/USB/Core/USBTask.o

.debug_macro
 *(.debug_macro)
OUTPUT(MassStorage.elf elf32-avr)
LOAD linker stubs

Cross Reference Table

Symbol                                            File
BlockAddressmsg                                   data.o
CALLBACK_HIDParser_FilterHIDReportItem            ../../../../LUFA/Drivers/USB/Class/Common/HIDParser.o
CALLBACK_USB_GetDescriptor                        Descriptors.o
                                                  ../../../../LUFA/Drivers/USB/Core/DeviceStandardReq.o
CommandBlock                                      MassStorage.o
                                                  Lib/SCSI.o
CommandStatus                                     MassStorage.o
ConfigurationDescriptor                           Descriptors.o
DeviceDescriptor                                  Descriptors.o
EVENT_USB_Device_ConfigurationChanged             MassStorage.o
                                                  ../../../../LUFA/Drivers/USB/Core/DeviceStandardReq.o
EVENT_USB_Device_Connect                          MassStorage.o
                                                  ../../../../LUFA/Drivers/USB/Core/AVR8/USBInterrupt_AVR8.o
EVENT_USB_Device_ControlRequest                   MassStorage.o
                                                  ../../../../LUFA/Drivers/USB/Core/DeviceStandardReq.o
EVENT_USB_Device_Disconnect                       MassStorage.o
                                                  ../../../../LUFA/Drivers/USB/Core/AVR8/USBInterrupt_AVR8.o
EVENT_USB_Device_Reset                            ../../../../LUFA/Drivers/USB/Core/Events.o
                                                  ../../../../LUFA/Drivers/USB/Core/AVR8/USBInterrupt_AVR8.o
EVENT_USB_Device_StartOfFrame                     ../../../../LUFA/Drivers/USB/Core/Events.o
                                                  ../../../../LUFA/Drivers/USB/Core/AVR8/USBInterrupt_AVR8.o
EVENT_USB_Device_Suspend                          ../../../../LUFA/Drivers/USB/Core/Events.o
                                                  ../../../../LUFA/Drivers/USB/Core/AVR8/USBInterrupt_AVR8.o
EVENT_USB_Device_WakeUp                           ../../../../LUFA/Drivers/USB/Core/Events.o
                                                  ../../../../LUFA/Drivers/USB/Core/AVR8/USBInterrupt_AVR8.o
Endpoint_ClearEndpoints                           ../../../../LUFA/Drivers/USB/Core/AVR8/Endpoint_AVR8.o
Endpoint_ClearStatusStage                         ../../../../LUFA/Drivers/USB/Core/AVR8/Endpoint_AVR8.o
                                                  ../../../../LUFA/Drivers/USB/Core/DeviceStandardReq.o
                                                  MassStorage.o
Endpoint_ConfigureEndpointTable                   ../../../../LUFA/Drivers/USB/Core/AVR8/Endpoint_AVR8.o
Endpoint_ConfigureEndpoint_Prv                    ../../../../LUFA/Drivers/USB/Core/AVR8/Endpoint_AVR8.o
                                                  ../../../../LUFA/Drivers/USB/Core/AVR8/USBInterrupt_AVR8.o
                                                  ../../../../LUFA/Drivers/USB/Core/AVR8/USBController_AVR8.o
                                                  MassStorage.o
Endpoint_Discard_Stream                           ../../../../LUFA/Drivers/USB/Core/AVR8/EndpointStream_AVR8.o
Endpoint_Null_Stream                              ../../../../LUFA/Drivers/USB/Core/AVR8/EndpointStream_AVR8.o
                                                  Lib/SCSI.o
Endpoint_Read_Control_EStream_BE                  ../../../../LUFA/Drivers/USB/Core/AVR8/EndpointStream_AVR8.o
Endpoint_Read_Control_EStream_LE                  ../../../../LUFA/Drivers/USB/Core/AVR8/EndpointStream_AVR8.o
Endpoint_Read_Control_Stream_BE                   ../../../../LUFA/Drivers/USB/Core/AVR8/EndpointStream_AVR8.o
Endpoint_Read_Control_Stream_LE                   ../../../../LUFA/Drivers/USB/Core/AVR8/EndpointStream_AVR8.o
Endpoint_Read_EStream_BE                          ../../../../LUFA/Drivers/USB/Core/AVR8/EndpointStream_AVR8.o
Endpoint_Read_EStream_LE                          ../../../../LUFA/Drivers/USB/Core/AVR8/EndpointStream_AVR8.o
Endpoint_Read_Stream_BE                           ../../../../LUFA/Drivers/USB/Core/AVR8/EndpointStream_AVR8.o
Endpoint_Read_Stream_LE                           ../../../../LUFA/Drivers/USB/Core/AVR8/EndpointStream_AVR8.o
                                                  MassStorage.o
Endpoint_WaitUntilReady                           ../../../../LUFA/Drivers/USB/Core/AVR8/Endpoint_AVR8.o
                                                  ../../../../LUFA/Drivers/USB/Core/AVR8/EndpointStream_AVR8.o
                                                  data.o
Endpoint_Write_Control_EStream_BE                 ../../../../LUFA/Drivers/USB/Core/AVR8/EndpointStream_AVR8.o
Endpoint_Write_Control_EStream_LE                 ../../../../LUFA/Drivers/USB/Core/AVR8/EndpointStream_AVR8.o
Endpoint_Write_Control_PStream_BE                 ../../../../LUFA/Drivers/USB/Core/AVR8/EndpointStream_AVR8.o
Endpoint_Write_Control_PStream_LE                 ../../../../LUFA/Drivers/USB/Core/AVR8/EndpointStream_AVR8.o
                                                  ../../../../LUFA/Drivers/USB/Core/DeviceStandardReq.o
Endpoint_Write_Control_Stream_BE                  ../../../../LUFA/Drivers/USB/Core/AVR8/EndpointStream_AVR8.o
Endpoint_Write_Control_Stream_LE                  ../../../../LUFA/Drivers/USB/Core/AVR8/EndpointStream_AVR8.o
                                                  ../../../../LUFA/Drivers/USB/Core/DeviceStandardReq.o
Endpoint_Write_EStream_BE                         ../../../../LUFA/Drivers/USB/Core/AVR8/EndpointStream_AVR8.o
Endpoint_Write_EStream_LE                         ../../../../LUFA/Drivers/USB/Core/AVR8/EndpointStream_AVR8.o
Endpoint_Write_PStream_BE                         ../../../../LUFA/Drivers/USB/Core/AVR8/EndpointStream_AVR8.o
Endpoint_Write_PStream_LE                         ../../../../LUFA/Drivers/USB/Core/AVR8/EndpointStream_AVR8.o
Endpoint_Write_Stream_BE                          ../../../../LUFA/Drivers/USB/Core/AVR8/EndpointStream_AVR8.o
Endpoint_Write_Stream_LE                          ../../../../LUFA/Drivers/USB/Core/AVR8/EndpointStream_AVR8.o
                                                  Lib/SCSI.o
                                                  MassStorage.o
IsMassStoreReset                                  MassStorage.o
                                                  Lib/SCSI.o
                                                  data.o
LanguageString                                    Descriptors.o
ManufacturerString                                Descriptors.o
MassStorage_Task                                  MassStorage.o
ProductString                                     Descriptors.o
SCSI_DecodeSCSICommand                            Lib/SCSI.o
                                                  MassStorage.o
SetupHardware                                     MassStorage.o
TotalBlocksmsg                                    data.o
USB_ControlRequest                                ../../../../LUFA/Drivers/USB/Core/USBTask.o
                                                  ../../../../LUFA/Drivers/USB/Core/DeviceStandardReq.o
                                                  ../../../../LUFA/Drivers/USB/Core/AVR8/Endpoint_AVR8.o
                                                  ../../../../LUFA/Drivers/USB/Core/AVR8/EndpointStream_AVR8.o
                                                  MassStorage.o
USB_DeviceState                                   ../../../../LUFA/Drivers/USB/Core/USBTask.o
                                                  ../../../../LUFA/Drivers/USB/Core/DeviceStandardReq.o
                                                  ../../../../LUFA/Drivers/USB/Core/AVR8/USBInterrupt_AVR8.o
                                                  ../../../../LUFA/Drivers/USB/Core/AVR8/USBController_AVR8.o
                                                  ../../../../LUFA/Drivers/USB/Core/AVR8/Endpoint_AVR8.o
                                                  ../../../../LUFA/Drivers/USB/Core/AVR8/EndpointStream_AVR8.o
                                                  MassStorage.o
USB_Device_ConfigurationNumber                    ../../../../LUFA/Drivers/USB/Core/DeviceStandardReq.o
                                                  ../../../../LUFA/Drivers/USB/Core/AVR8/USBInterrupt_AVR8.o
                                                  ../../../../LUFA/Drivers/USB/Core/AVR8/USBController_AVR8.o
USB_Device_CurrentlySelfPowered                   ../../../../LUFA/Drivers/USB/Core/DeviceStandardReq.o
                                                  ../../../../LUFA/Drivers/USB/Core/AVR8/USBController_AVR8.o
USB_Device_ProcessControlRequest                  ../../../../LUFA/Drivers/USB/Core/DeviceStandardReq.o
                                                  ../../../../LUFA/Drivers/USB/Core/USBTask.o
                                                  ../../../../LUFA/Drivers/USB/Core/AVR8/USBInterrupt_AVR8.o
USB_Device_RemoteWakeupEnabled                    ../../../../LUFA/Drivers/USB/Core/DeviceStandardReq.o
                                                  ../../../../LUFA/Drivers/USB/Core/AVR8/USBController_AVR8.o
USB_Device_SendRemoteWakeup                       ../../../../LUFA/Drivers/USB/Core/AVR8/Device_AVR8.o
USB_Disable                                       ../../../../LUFA/Drivers/USB/Core/AVR8/USBController_AVR8.o
USB_Event_Stub                                    ../../../../LUFA/Drivers/USB/Core/Events.o
USB_GetHIDReportItemInfo                          ../../../../LUFA/Drivers/USB/Class/Common/HIDParser.o
USB_GetHIDReportSize                              ../../../../LUFA/Drivers/USB/Class/Common/HIDParser.o
USB_GetNextDescriptorComp                         ../../../../LUFA/Drivers/USB/Core/ConfigDescriptors.o
USB_GetNextDescriptorOfType                       ../../../../LUFA/Drivers/USB/Core/ConfigDescriptors.o
USB_GetNextDescriptorOfTypeAfter                  ../../../../LUFA/Drivers/USB/Core/ConfigDescriptors.o
USB_GetNextDescriptorOfTypeBefore                 ../../../../LUFA/Drivers/USB/Core/ConfigDescriptors.o
USB_INT_ClearAllInterrupts                        ../../../../LUFA/Drivers/USB/Core/AVR8/USBInterrupt_AVR8.o
                                                  ../../../../LUFA/Drivers/USB/Core/AVR8/USBController_AVR8.o
USB_INT_DisableAllInterrupts                      ../../../../LUFA/Drivers/USB/Core/AVR8/USBInterrupt_AVR8.o
                                                  ../../../../LUFA/Drivers/USB/Core/AVR8/USBController_AVR8.o
USB_Init                                          ../../../../LUFA/Drivers/USB/Core/AVR8/USBController_AVR8.o
                                                  MassStorage.o
USB_IsInitialized                                 ../../../../LUFA/Drivers/USB/Core/USBTask.o
                                                  ../../../../LUFA/Drivers/USB/Core/AVR8/USBController_AVR8.o
USB_ProcessHIDReport                              ../../../../LUFA/Drivers/USB/Class/Common/HIDParser.o
USB_ResetInterface                                ../../../../LUFA/Drivers/USB/Core/AVR8/USBController_AVR8.o
USB_SetHIDReportItemInfo                          ../../../../LUFA/Drivers/USB/Class/Common/HIDParser.o
USB_USBTask                                       ../../../../LUFA/Drivers/USB/Core/USBTask.o
                                                  MassStorage.o
__adddi3                                          /usr/lib/gcc/avr/6.2.0/avr5/libgcc.a(_adddi3.o)
                                                  Lib/sd_raw.o
                                                  Lib/fat.o
__adddi3_s8                                       /usr/lib/gcc/avr/6.2.0/avr5/libgcc.a(_adddi3_s8.o)
                                                  Lib/fat.o
                                                  data.o
__ashldi3                                         /usr/lib/gcc/avr/6.2.0/avr5/libgcc.a(_ashldi3.o)
                                                  Lib/sd_raw.o
                                                  Lib/fat.o
__ashrdi3                                         /usr/lib/gcc/avr/6.2.0/avr5/libgcc.a(_ashrdi3.o)
__bad_interrupt                                   /usr/lib/gcc/avr/6.2.0/../../../../avr/lib/avr5/crtatmega32u4.o
__bss_end                                         /usr/lib/gcc/avr/6.2.0/avr5/libgcc.a(_clear_bss.o)
__bss_start                                       /usr/lib/gcc/avr/6.2.0/avr5/libgcc.a(_clear_bss.o)
__cmpdi2                                          /usr/lib/gcc/avr/6.2.0/avr5/libgcc.a(_cmpdi2.o)
                                                  Lib/sd_raw.o
                                                  Lib/fat.o
__cmpdi2_s8                                       /usr/lib/gcc/avr/6.2.0/avr5/libgcc.a(_cmpdi2_s8.o)
                                                  Lib/fat.o
__data_end                                        /usr/lib/gcc/avr/6.2.0/avr5/libgcc.a(_copy_data.o)
__data_load_start                                 /usr/lib/gcc/avr/6.2.0/avr5/libgcc.a(_copy_data.o)
__data_start                                      /usr/lib/gcc/avr/6.2.0/avr5/libgcc.a(_copy_data.o)
__do_clear_bss                                    /usr/lib/gcc/avr/6.2.0/avr5/libgcc.a(_clear_bss.o)
                                                  ../../../../LUFA/Drivers/USB/Core/USBTask.o
                                                  ../../../../LUFA/Drivers/USB/Core/DeviceStandardReq.o
                                                  Lib/sd_raw.o
                                                  Lib/partition.o
                                                  Lib/fat.o
                                                  MassStorage.o
__do_copy_data                                    /usr/lib/gcc/avr/6.2.0/avr5/libgcc.a(_copy_data.o)
                                                  Lib/fat.o
                                                  Lib/SCSI.o
                                                  data.o
                                                  MassStorage.o
__heap_end                                        /usr/lib/gcc/avr/6.2.0/../../../../avr/lib/avr5/crtatmega32u4.o
__init                                            /usr/lib/gcc/avr/6.2.0/../../../../avr/lib/avr5/crtatmega32u4.o
__lshrdi3                                         /usr/lib/gcc/avr/6.2.0/avr5/libgcc.a(_ashrdi3.o)
                                                  Lib/sd_raw.o
__muldi3                                          /usr/lib/gcc/avr/6.2.0/avr5/libgcc.a(_muldi3.o)
                                                  Lib/fat.o
__muldi3_6                                        /usr/lib/gcc/avr/6.2.0/avr5/libgcc.a(_muldi3_6.o)
                                                  /usr/lib/gcc/avr/6.2.0/avr5/libgcc.a(_umulsidi3.o)
                                                  /usr/lib/gcc/avr/6.2.0/avr5/libgcc.a(_muldi3.o)
__mulsi3                                          /usr/lib/gcc/avr/6.2.0/avr5/libgcc.a(_mulsi3.o)
                                                  Lib/fat.o
__muluhisi3                                       /usr/lib/gcc/avr/6.2.0/avr5/libgcc.a(_muluhisi3.o)
                                                  /usr/lib/gcc/avr/6.2.0/avr5/libgcc.a(_mulsi3.o)
__stack                                           /usr/lib/gcc/avr/6.2.0/../../../../avr/lib/avr5/crtatmega32u4.o
__subdi3                                          /usr/lib/gcc/avr/6.2.0/avr5/libgcc.a(_subdi3.o)
                                                  Lib/sd_raw.o
__udivmodhi4                                      /usr/lib/gcc/avr/6.2.0/avr5/libgcc.a(_udivmodhi4.o)
                                                  Lib/fat.o
__udivmodsi4                                      /usr/lib/gcc/avr/6.2.0/avr5/libgcc.a(_udivmodsi4.o)
                                                  Lib/fat.o
__umulhisi3                                       /usr/lib/gcc/avr/6.2.0/avr5/libgcc.a(_umulhisi3.o)
                                                  /usr/lib/gcc/avr/6.2.0/avr5/libgcc.a(_umulsidi3.o)
                                                  /usr/lib/gcc/avr/6.2.0/avr5/libgcc.a(_muldi3_6.o)
                                                  /usr/lib/gcc/avr/6.2.0/avr5/libgcc.a(_muldi3.o)
                                                  /usr/lib/gcc/avr/6.2.0/avr5/libgcc.a(_muluhisi3.o)
__umulsidi3                                       /usr/lib/gcc/avr/6.2.0/avr5/libgcc.a(_umulsidi3.o)
                                                  Lib/fat.o
__umulsidi3_helper                                /usr/lib/gcc/avr/6.2.0/avr5/libgcc.a(_umulsidi3.o)
__vector_1                                        /usr/lib/gcc/avr/6.2.0/../../../../avr/lib/avr5/crtatmega32u4.o
__vector_10                                       ../../../../LUFA/Drivers/USB/Core/AVR8/USBInterrupt_AVR8.o
                                                  /usr/lib/gcc/avr/6.2.0/../../../../avr/lib/avr5/crtatmega32u4.o
__vector_11                                       ../../../../LUFA/Drivers/USB/Core/AVR8/USBInterrupt_AVR8.o
                                                  /usr/lib/gcc/avr/6.2.0/../../../../avr/lib/avr5/crtatmega32u4.o
__vector_12                                       /usr/lib/gcc/avr/6.2.0/../../../../avr/lib/avr5/crtatmega32u4.o
__vector_13                                       /usr/lib/gcc/avr/6.2.0/../../../../avr/lib/avr5/crtatmega32u4.o
__vector_14                                       /usr/lib/gcc/avr/6.2.0/../../../../avr/lib/avr5/crtatmega32u4.o
__vector_15                                       /usr/lib/gcc/avr/6.2.0/../../../../avr/lib/avr5/crtatmega32u4.o
__vector_16                                       /usr/lib/gcc/avr/6.2.0/../../../../avr/lib/avr5/crtatmega32u4.o
__vector_17                                       /usr/lib/gcc/avr/6.2.0/../../../../avr/lib/avr5/crtatmega32u4.o
__vector_18                                       /usr/lib/gcc/avr/6.2.0/../../../../avr/lib/avr5/crtatmega32u4.o
__vector_19                                       /usr/lib/gcc/avr/6.2.0/../../../../avr/lib/avr5/crtatmega32u4.o
__vector_2                                        /usr/lib/gcc/avr/6.2.0/../../../../avr/lib/avr5/crtatmega32u4.o
__vector_20                                       /usr/lib/gcc/avr/6.2.0/../../../../avr/lib/avr5/crtatmega32u4.o
__vector_21                                       /usr/lib/gcc/avr/6.2.0/../../../../avr/lib/avr5/crtatmega32u4.o
__vector_22                                       /usr/lib/gcc/avr/6.2.0/../../../../avr/lib/avr5/crtatmega32u4.o
__vector_23                                       /usr/lib/gcc/avr/6.2.0/../../../../avr/lib/avr5/crtatmega32u4.o
__vector_24                                       /usr/lib/gcc/avr/6.2.0/../../../../avr/lib/avr5/crtatmega32u4.o
__vector_25                                       /usr/lib/gcc/avr/6.2.0/../../../../avr/lib/avr5/crtatmega32u4.o
__vector_26                                       /usr/lib/gcc/avr/6.2.0/../../../../avr/lib/avr5/crtatmega32u4.o
__vector_27                                       /usr/lib/gcc/avr/6.2.0/../../../../avr/lib/avr5/crtatmega32u4.o
__vector_28                                       /usr/lib/gcc/avr/6.2.0/../../../../avr/lib/avr5/crtatmega32u4.o
__vector_29                                       /usr/lib/gcc/avr/6.2.0/../../../../avr/lib/avr5/crtatmega32u4.o
__vector_3                                        /usr/lib/gcc/avr/6.2.0/../../../../avr/lib/avr5/crtatmega32u4.o
__vector_30                                       /usr/lib/gcc/avr/6.2.0/../../../../avr/lib/avr5/crtatmega32u4.o
__vector_31                                       /usr/lib/gcc/avr/6.2.0/../../../../avr/lib/avr5/crtatmega32u4.o
__vector_32                                       /usr/lib/gcc/avr/6.2.0/../../../../avr/lib/avr5/crtatmega32u4.o
__vector_33                                       /usr/lib/gcc/avr/6.2.0/../../../../avr/lib/avr5/crtatmega32u4.o
__vector_34                                       /usr/lib/gcc/avr/6.2.0/../../../../avr/lib/avr5/crtatmega32u4.o
__vector_35                                       /usr/lib/gcc/avr/6.2.0/../../../../avr/lib/avr5/crtatmega32u4.o
__vector_36                                       /usr/lib/gcc/avr/6.2.0/../../../../avr/lib/avr5/crtatmega32u4.o
__vector_37                                       /usr/lib/gcc/avr/6.2.0/../../../../avr/lib/avr5/crtatmega32u4.o
__vector_38                                       /usr/lib/gcc/avr/6.2.0/../../../../avr/lib/avr5/crtatmega32u4.o
__vector_39                                       /usr/lib/gcc/avr/6.2.0/../../../../avr/lib/avr5/crtatmega32u4.o
__vector_4                                        /usr/lib/gcc/avr/6.2.0/../../../../avr/lib/avr5/crtatmega32u4.o
__vector_40                                       /usr/lib/gcc/avr/6.2.0/../../../../avr/lib/avr5/crtatmega32u4.o
__vector_41                                       /usr/lib/gcc/avr/6.2.0/../../../../avr/lib/avr5/crtatmega32u4.o
__vector_42                                       /usr/lib/gcc/avr/6.2.0/../../../../avr/lib/avr5/crtatmega32u4.o
__vector_5                                        /usr/lib/gcc/avr/6.2.0/../../../../avr/lib/avr5/crtatmega32u4.o
__vector_6                                        /usr/lib/gcc/avr/6.2.0/../../../../avr/lib/avr5/crtatmega32u4.o
__vector_7                                        /usr/lib/gcc/avr/6.2.0/../../../../avr/lib/avr5/crtatmega32u4.o
__vector_8                                        /usr/lib/gcc/avr/6.2.0/../../../../avr/lib/avr5/crtatmega32u4.o
__vector_9                                        /usr/lib/gcc/avr/6.2.0/../../../../avr/lib/avr5/crtatmega32u4.o
__vector_default                                  /usr/lib/gcc/avr/6.2.0/../../../../avr/lib/avr5/crtatmega32u4.o
__vectors                                         /usr/lib/gcc/avr/6.2.0/../../../../avr/lib/avr5/crtatmega32u4.o
_exit                                             /usr/lib/gcc/avr/6.2.0/avr5/libgcc.a(_exit.o)
buffermsg                                         data.o
chunkmsg                                          data.o
currentblkmsg                                     data.o
eeprom_read_byte                                  /usr/lib/gcc/avr/6.2.0/../../../../avr/lib/avr5/libatmega32u4.a(eerd_byte.o)
                                                  ../../../../LUFA/Drivers/USB/Core/AVR8/EndpointStream_AVR8.o
eeprom_update_byte                                /usr/lib/gcc/avr/6.2.0/../../../../avr/lib/avr5/libatmega32u4.a(eeupd_byte.o)
                                                  ../../../../LUFA/Drivers/USB/Core/AVR8/EndpointStream_AVR8.o
eeprom_update_r18                                 /usr/lib/gcc/avr/6.2.0/../../../../avr/lib/avr5/libatmega32u4.a(eeupd_byte.o)
endpointfullmsg                                   data.o
exit                                              /usr/lib/gcc/avr/6.2.0/avr5/libgcc.a(_exit.o)
                                                  /usr/lib/gcc/avr/6.2.0/../../../../avr/lib/avr5/crtatmega32u4.o
fat_close                                         Lib/fat.o
fat_close_dir                                     Lib/fat.o
fat_close_file                                    Lib/fat.o
fat_get_dir_entry_of_path                         Lib/fat.o
fat_get_fs_free                                   Lib/fat.o
fat_get_fs_size                                   Lib/fat.o
fat_open                                          Lib/fat.o
fat_open_dir                                      Lib/fat.o
fat_open_file                                     Lib/fat.o
fat_read_dir                                      Lib/fat.o
fat_read_file                                     Lib/fat.o
fat_reset_dir                                     Lib/fat.o
fat_seek_file                                     Lib/fat.o
get_pin_locked                                    Lib/sd_raw.o
hexLookup                                         MassStorage.o
inquirymsg                                        Lib/SCSI.o
invalidmsg                                        Lib/SCSI.o
main                                              MassStorage.o
                                                  /usr/lib/gcc/avr/6.2.0/../../../../avr/lib/avr5/crtatmega32u4.o
memcpy                                            /usr/lib/gcc/avr/6.2.0/../../../../avr/lib/avr5/libc.a(memcpy.o)
                                                  Lib/sd_raw.o
modesensemsg                                      Lib/SCSI.o
partition_close                                   Lib/partition.o
partition_open                                    Lib/partition.o
preventallowmediumremovalmsg                      Lib/SCSI.o
read16                                            Lib/byteordering.o
                                                  Lib/fat.o
read32                                            Lib/byteordering.o
                                                  Lib/partition.o
                                                  Lib/fat.o
readData                                          data.o
                                                  Lib/SCSI.o
readcapacitymsg                                   Lib/SCSI.o
readmsg                                           Lib/SCSI.o
requestsensemsg                                   Lib/SCSI.o
sd_raw_available                                  Lib/sd_raw.o
sd_raw_get_info                                   Lib/sd_raw.o
sd_raw_init                                       Lib/sd_raw.o
                                                  MassStorage.o
sd_raw_locked                                     Lib/sd_raw.o
sd_raw_read                                       Lib/sd_raw.o
                                                  data.o
sd_raw_read_interval                              Lib/sd_raw.o
sderrormsg                                        MassStorage.o
senddiagnosticmsg                                 Lib/SCSI.o
serialBegin                                       serial.o
                                                  MassStorage.o
serialWrite                                       serial.o
                                                  data.o
serialWriteArray                                  serial.o
                                                  Lib/SCSI.o
                                                  data.o
                                                  MassStorage.o
serialmsg                                         MassStorage.o
startstopmsg                                      Lib/SCSI.o
strchr                                            /usr/lib/gcc/avr/6.2.0/../../../../avr/lib/avr5/libc.a(strchr.o)
                                                  Lib/fat.o
strncmp                                           /usr/lib/gcc/avr/6.2.0/../../../../avr/lib/avr5/libc.a(strncmp.o)
                                                  Lib/fat.o
testunitmsg                                       Lib/SCSI.o
verifymsg                                         Lib/SCSI.o
write16                                           Lib/byteordering.o
write32                                           Lib/byteordering.o
writemsg                                          Lib/SCSI.o
