Archive member included to satisfy reference by file (symbol)

/usr/lib/gcc/avr/6.2.0/avr51/libgcc.a(_exit.o)
                              /usr/lib/gcc/avr/6.2.0/../../../../avr/lib/avr51/crtat90usb1287.o (exit)
/usr/lib/gcc/avr/6.2.0/avr51/libgcc.a(_copy_data.o)
                              MassStorage.o (__do_copy_data)
/usr/lib/gcc/avr/6.2.0/avr51/libgcc.a(_clear_bss.o)
                              ../../../../LUFA/Drivers/USB/Core/DeviceStandardReq.o (__do_clear_bss)
/usr/lib/gcc/avr/6.2.0/../../../../avr/lib/avr51/libc.a(memcpy_P.o)
                              ../../../../LUFA/Drivers/USB/Class/Device/RNDISClassDevice.o (memcpy_P)
/usr/lib/gcc/avr/6.2.0/../../../../avr/lib/avr51/libc.a(strlen_P.o)
                              ../../../../LUFA/Drivers/USB/Class/Device/CDCClassDevice.o (__strlen_P)
/usr/lib/gcc/avr/6.2.0/../../../../avr/lib/avr51/libc.a(memcmp.o)
                              ../../../../LUFA/Drivers/USB/Class/Device/HIDClassDevice.o (memcmp)
/usr/lib/gcc/avr/6.2.0/../../../../avr/lib/avr51/libc.a(memcpy.o)
                              ../../../../LUFA/Drivers/USB/Class/Device/HIDClassDevice.o (memcpy)
/usr/lib/gcc/avr/6.2.0/../../../../avr/lib/avr51/libc.a(memset.o)
                              ../../../../LUFA/Drivers/USB/Class/Device/HIDClassDevice.o (memset)
/usr/lib/gcc/avr/6.2.0/../../../../avr/lib/avr51/libat90usb1287.a(eerd_byte.o)
                              ../../../../LUFA/Drivers/USB/Core/AVR8/EndpointStream_AVR8.o (eeprom_read_byte)
/usr/lib/gcc/avr/6.2.0/../../../../avr/lib/avr51/libat90usb1287.a(eeupd_byte.o)
                              ../../../../LUFA/Drivers/USB/Core/AVR8/EndpointStream_AVR8.o (eeprom_update_byte)

Allocating common symbols
Common symbol       size              file

USB_IsInitialized   0x1               ../../../../LUFA/Drivers/USB/Core/USBTask.o
USB_DeviceState     0x1               ../../../../LUFA/Drivers/USB/Core/USBTask.o
USB_Device_ConfigurationNumber
                    0x1               ../../../../LUFA/Drivers/USB/Core/DeviceStandardReq.o
USB_Device_CurrentlySelfPowered
                    0x1               ../../../../LUFA/Drivers/USB/Core/DeviceStandardReq.o
USB_ControlRequest  0x8               ../../../../LUFA/Drivers/USB/Core/USBTask.o
USB_Device_RemoteWakeupEnabled
                    0x1               ../../../../LUFA/Drivers/USB/Core/DeviceStandardReq.o

Discarded input sections

 .data          0x0000000000000000        0x0 /usr/lib/gcc/avr/6.2.0/../../../../avr/lib/avr51/crtat90usb1287.o
 .bss           0x0000000000000000        0x0 /usr/lib/gcc/avr/6.2.0/../../../../avr/lib/avr51/crtat90usb1287.o
 .text          0x0000000000000000        0x0 MassStorage.o
 .bss           0x0000000000000000        0x0 MassStorage.o
 .text          0x0000000000000000        0x0 Descriptors.o
 .data          0x0000000000000000        0x0 Descriptors.o
 .bss           0x0000000000000000        0x0 Descriptors.o
 .text          0x0000000000000000        0x0 Lib/DataflashManager.o
 .data          0x0000000000000000        0x0 Lib/DataflashManager.o
 .bss           0x0000000000000000        0x0 Lib/DataflashManager.o
 .text.DataflashManager_WriteBlocks_RAM
                0x0000000000000000      0x1ac Lib/DataflashManager.o
 .text.DataflashManager_ReadBlocks_RAM
                0x0000000000000000      0x130 Lib/DataflashManager.o
 .text          0x0000000000000000        0x0 Lib/SCSI.o
 .bss           0x0000000000000000        0x0 Lib/SCSI.o
 .text          0x0000000000000000        0x0 ../../../../LUFA/Drivers/USB/Class/Common/HIDParser.o
 .data          0x0000000000000000        0x0 ../../../../LUFA/Drivers/USB/Class/Common/HIDParser.o
 .bss           0x0000000000000000        0x0 ../../../../LUFA/Drivers/USB/Class/Common/HIDParser.o
 .text.USB_ProcessHIDReport
                0x0000000000000000      0x6dc ../../../../LUFA/Drivers/USB/Class/Common/HIDParser.o
 .text.USB_GetHIDReportItemInfo
                0x0000000000000000       0xbc ../../../../LUFA/Drivers/USB/Class/Common/HIDParser.o
 .text.USB_SetHIDReportItemInfo
                0x0000000000000000       0xc6 ../../../../LUFA/Drivers/USB/Class/Common/HIDParser.o
 .text.USB_GetHIDReportSize
                0x0000000000000000       0x56 ../../../../LUFA/Drivers/USB/Class/Common/HIDParser.o
 .debug_info    0x0000000000000000      0x731 ../../../../LUFA/Drivers/USB/Class/Common/HIDParser.o
 .debug_abbrev  0x0000000000000000      0x20f ../../../../LUFA/Drivers/USB/Class/Common/HIDParser.o
 .debug_loc     0x0000000000000000      0xbca ../../../../LUFA/Drivers/USB/Class/Common/HIDParser.o
 .debug_aranges
                0x0000000000000000       0x38 ../../../../LUFA/Drivers/USB/Class/Common/HIDParser.o
 .debug_ranges  0x0000000000000000      0x108 ../../../../LUFA/Drivers/USB/Class/Common/HIDParser.o
 .debug_line    0x0000000000000000      0x57b ../../../../LUFA/Drivers/USB/Class/Common/HIDParser.o
[...]
Memory Configuration

Name             Origin             Length             Attributes
text             0x0000000000000000 0x0000000000020000 xr
data             0x0000000000800100 0x000000000000ff00 rw !x
eeprom           0x0000000000810000 0x0000000000010000 rw !x
fuse             0x0000000000820000 0x0000000000000400 rw !x
lock             0x0000000000830000 0x0000000000000400 rw !x
signature        0x0000000000840000 0x0000000000000400 rw !x
user_signatures  0x0000000000850000 0x0000000000000400 rw !x
*default*        0x0000000000000000 0xffffffffffffffff

Linker script and memory map

Address of section .data set to 0x800100
LOAD /usr/lib/gcc/avr/6.2.0/../../../../avr/lib/avr51/crtat90usb1287.o
LOAD MassStorage.o
LOAD Descriptors.o
LOAD Lib/DataflashManager.o
LOAD Lib/SCSI.o
LOAD ../../../../LUFA/Drivers/USB/Class/Common/HIDParser.o
LOAD ../../../../LUFA/Drivers/USB/Core/AVR8/Device_AVR8.o
LOAD ../../../../LUFA/Drivers/USB/Core/AVR8/EndpointStream_AVR8.o
LOAD ../../../../LUFA/Drivers/USB/Core/AVR8/Endpoint_AVR8.o
LOAD ../../../../LUFA/Drivers/USB/Core/AVR8/Host_AVR8.o
LOAD ../../../../LUFA/Drivers/USB/Core/AVR8/PipeStream_AVR8.o
LOAD ../../../../LUFA/Drivers/USB/Core/AVR8/Pipe_AVR8.o
LOAD ../../../../LUFA/Drivers/USB/Core/AVR8/USBController_AVR8.o
LOAD ../../../../LUFA/Drivers/USB/Core/AVR8/USBInterrupt_AVR8.o
LOAD ../../../../LUFA/Drivers/USB/Core/ConfigDescriptors.o
LOAD ../../../../LUFA/Drivers/USB/Core/DeviceStandardReq.o
LOAD ../../../../LUFA/Drivers/USB/Core/Events.o
LOAD ../../../../LUFA/Drivers/USB/Core/HostStandardReq.o
LOAD ../../../../LUFA/Drivers/USB/Core/USBTask.o
LOAD ../../../../LUFA/Drivers/USB/Class/Device/AudioClassDevice.o
LOAD ../../../../LUFA/Drivers/USB/Class/Device/CDCClassDevice.o
LOAD ../../../../LUFA/Drivers/USB/Class/Device/HIDClassDevice.o
LOAD ../../../../LUFA/Drivers/USB/Class/Device/MassStorageClassDevice.o
LOAD ../../../../LUFA/Drivers/USB/Class/Device/MIDIClassDevice.o
LOAD ../../../../LUFA/Drivers/USB/Class/Device/PrinterClassDevice.o
LOAD ../../../../LUFA/Drivers/USB/Class/Device/RNDISClassDevice.o
LOAD ../../../../LUFA/Drivers/USB/Class/Host/AndroidAccessoryClassHost.o
LOAD ../../../../LUFA/Drivers/USB/Class/Host/AudioClassHost.o
LOAD ../../../../LUFA/Drivers/USB/Class/Host/CDCClassHost.o
LOAD ../../../../LUFA/Drivers/USB/Class/Host/HIDClassHost.o
LOAD ../../../../LUFA/Drivers/USB/Class/Host/MassStorageClassHost.o
LOAD ../../../../LUFA/Drivers/USB/Class/Host/MIDIClassHost.o
LOAD ../../../../LUFA/Drivers/USB/Class/Host/PrinterClassHost.o
LOAD ../../../../LUFA/Drivers/USB/Class/Host/RNDISClassHost.o
LOAD ../../../../LUFA/Drivers/USB/Class/Host/StillImageClassHost.o
LOAD /usr/lib/gcc/avr/6.2.0/../../../../avr/lib/avr51/libm.a
START GROUP
LOAD /usr/lib/gcc/avr/6.2.0/avr51/libgcc.a
LOAD /usr/lib/gcc/avr/6.2.0/../../../../avr/lib/avr51/libm.a
LOAD /usr/lib/gcc/avr/6.2.0/../../../../avr/lib/avr51/libc.a
LOAD /usr/lib/gcc/avr/6.2.0/../../../../avr/lib/avr51/libat90usb1287.a
END GROUP
                0x0000000000020000                __TEXT_REGION_LENGTH__ = DEFINED (__TEXT_REGION_LENGTH__)?__TEXT_REGION_LENGTH__:0x20000
                0x000000000000ff00                __DATA_REGION_LENGTH__ = DEFINED (__DATA_REGION_LENGTH__)?__DATA_REGION_LENGTH__:0xff00
                0x0000000000010000                __EEPROM_REGION_LENGTH__ = DEFINED (__EEPROM_REGION_LENGTH__)?__EEPROM_REGION_LENGTH__:0x10000
                0x0000000000000400                __FUSE_REGION_LENGTH__ = DEFINED (__FUSE_REGION_LENGTH__)?__FUSE_REGION_LENGTH__:0x400
                0x0000000000000400                __LOCK_REGION_LENGTH__ = DEFINED (__LOCK_REGION_LENGTH__)?__LOCK_REGION_LENGTH__:0x400
                0x0000000000000400                __SIGNATURE_REGION_LENGTH__ = DEFINED (__SIGNATURE_REGION_LENGTH__)?__SIGNATURE_REGION_LENGTH__:0x400
                0x0000000000000400                __USER_SIGNATURE_REGION_LENGTH__ = DEFINED (__USER_SIGNATURE_REGION_LENGTH__)?__USER_SIGNATURE_REGION_LENGTH__:0x400

.hash
 *(.hash)

.dynsym
 *(.dynsym)

.dynstr
 *(.dynstr)

.gnu.version
 *(.gnu.version)

.gnu.version_d
 *(.gnu.version_d)

.gnu.version_r
 *(.gnu.version_r)

.rel.init
 *(.rel.init)

.rela.init
 *(.rela.init)

.rel.text
 *(.rel.text)
 *(.rel.text.*)
 *(.rel.gnu.linkonce.t*)

.rela.text
 *(.rela.text)
 *(.rela.text.*)
 *(.rela.gnu.linkonce.t*)

.rel.fini
 *(.rel.fini)

.rela.fini
 *(.rela.fini)

.rel.rodata
 *(.rel.rodata)
 *(.rel.rodata.*)
 *(.rel.gnu.linkonce.r*)

.rela.rodata
 *(.rela.rodata)
 *(.rela.rodata.*)
 *(.rela.gnu.linkonce.r*)

.rel.data
 *(.rel.data)
 *(.rel.data.*)
 *(.rel.gnu.linkonce.d*)

.rela.data
 *(.rela.data)
 *(.rela.data.*)
 *(.rela.gnu.linkonce.d*)

.rel.ctors
 *(.rel.ctors)

.rela.ctors
 *(.rela.ctors)

.rel.dtors
 *(.rel.dtors)

.rela.dtors
 *(.rela.dtors)

.rel.got
 *(.rel.got)

.rela.got
 *(.rela.got)

.rel.bss
 *(.rel.bss)

.rela.bss
 *(.rela.bss)

.rel.plt
 *(.rel.plt)

.rela.plt
 *(.rela.plt)

.text           0x0000000000000000     0x1934
 *(.vectors)
 .vectors       0x0000000000000000       0x98 /usr/lib/gcc/avr/6.2.0/../../../../avr/lib/avr51/crtat90usb1287.o
                0x0000000000000000                __vectors
                0x0000000000000000                __vector_default
 *(.vectors)
 *(.progmem.gcc*)
                0x0000000000000098                . = ALIGN (0x2)
                0x0000000000000098                __trampolines_start = .
 *(.trampolines)
 .trampolines   0x0000000000000098        0x0 linker stubs
 *(.trampolines*)
                0x0000000000000098                __trampolines_end = .
 *libprintf_flt.a:*(.progmem.data)
 *libc.a:*(.progmem.data)
 *(.progmem*)
 .progmem.data  0x0000000000000098       0x80 Descriptors.o
                0x0000000000000098                ProductString
                0x00000000000000c8                ManufacturerString
                0x00000000000000e2                LanguageString
                0x00000000000000e6                ConfigurationDescriptor
                0x0000000000000106                DeviceDescriptor
                0x0000000000000118                . = ALIGN (0x2)
 *(.jumptables)
 *(.jumptables*)
 *(.lowtext)
 *(.lowtext*)
                0x0000000000000118                __ctors_start = .
 *(.ctors)
                0x0000000000000118                __ctors_end = .
                0x0000000000000118                __dtors_start = .
 *(.dtors)
                0x0000000000000118                __dtors_end = .
 SORT(*)(.ctors)
 SORT(*)(.dtors)
 *(.init0)
 .init0         0x0000000000000118        0x0 /usr/lib/gcc/avr/6.2.0/../../../../avr/lib/avr51/crtat90usb1287.o
                0x0000000000000118                __init
 *(.init0)
 *(.init1)
 *(.init1)
 *(.init2)
 .init2         0x0000000000000118        0xc /usr/lib/gcc/avr/6.2.0/../../../../avr/lib/avr51/crtat90usb1287.o
 *(.init2)
 *(.init3)
 *(.init3)
 *(.init4)
 .init4         0x0000000000000124       0x1a /usr/lib/gcc/avr/6.2.0/avr51/libgcc.a(_copy_data.o)
                0x0000000000000124                __do_copy_data
 .init4         0x000000000000013e       0x10 /usr/lib/gcc/avr/6.2.0/avr51/libgcc.a(_clear_bss.o)
                0x000000000000013e                __do_clear_bss
 *(.init4)
 *(.init5)
 *(.init5)
 *(.init6)
 *(.init6)
 *(.init7)
 *(.init7)
 *(.init8)
 *(.init8)
 *(.init9)
 .init9         0x000000000000014e        0x6 /usr/lib/gcc/avr/6.2.0/../../../../avr/lib/avr51/crtat90usb1287.o
 *(.init9)
 *(.text)
 .text          0x0000000000000154        0x2 /usr/lib/gcc/avr/6.2.0/../../../../avr/lib/avr51/crtat90usb1287.o
                0x0000000000000154                __vector_22
                0x0000000000000154                __vector_28
                0x0000000000000154                __vector_1
                0x0000000000000154                __vector_32
                0x0000000000000154                __vector_34
                0x0000000000000154                __vector_24
                0x0000000000000154                __vector_12
                0x0000000000000154                __bad_interrupt
                0x0000000000000154                __vector_6
                0x0000000000000154                __vector_31
                0x0000000000000154                __vector_35
                0x0000000000000154                __vector_3
                0x0000000000000154                __vector_23
                0x0000000000000154                __vector_30
                0x0000000000000154                __vector_25
                0x0000000000000154                __vector_13
                0x0000000000000154                __vector_17
                0x0000000000000154                __vector_19
                0x0000000000000154                __vector_7
                0x0000000000000154                __vector_27
                0x0000000000000154                __vector_5
                0x0000000000000154                __vector_33
                0x0000000000000154                __vector_37
                0x0000000000000154                __vector_4
                0x0000000000000154                __vector_9
                0x0000000000000154                __vector_2
                0x0000000000000154                __vector_21
                0x0000000000000154                __vector_15
                0x0000000000000154                __vector_36
                0x0000000000000154                __vector_29
                0x0000000000000154                __vector_8
                0x0000000000000154                __vector_26
                0x0000000000000154                __vector_14
                0x0000000000000154                __vector_16
                0x0000000000000154                __vector_18
                0x0000000000000154                __vector_20
                0x0000000000000156                . = ALIGN (0x2)
 *(.text.*)
 .text.LEDs_SetAllLEDs
                0x0000000000000156        0xa MassStorage.o
 .text.SetupHardware
                0x0000000000000160       0x70 MassStorage.o
                0x0000000000000160                SetupHardware
 .text.startup.main
                0x00000000000001d0       0x16 MassStorage.o
                0x00000000000001d0                main
 .text.EVENT_USB_Device_Connect
                0x00000000000001e6        0x4 MassStorage.o
                0x00000000000001e6                EVENT_USB_Device_Connect
 .text.EVENT_USB_Device_Disconnect
                0x00000000000001ea        0x4 MassStorage.o
                0x00000000000001ea                EVENT_USB_Device_Disconnect
 .text.EVENT_USB_Device_ConfigurationChanged
                0x00000000000001ee       0x14 MassStorage.o
                0x00000000000001ee                EVENT_USB_Device_ConfigurationChanged
 .text.EVENT_USB_Device_ControlRequest
                0x0000000000000202        0x8 MassStorage.o
                0x0000000000000202                EVENT_USB_Device_ControlRequest
 .text.CALLBACK_MS_Device_SCSICommandReceived
                0x000000000000020a       0x1c MassStorage.o
                0x000000000000020a                CALLBACK_MS_Device_SCSICommandReceived
 .text.CALLBACK_USB_GetDescriptor
                0x0000000000000226       0x60 Descriptors.o
                0x0000000000000226                CALLBACK_USB_GetDescriptor
 .text.Dataflash_ToggleSelectedChipCS
                0x0000000000000286       0x14 Lib/DataflashManager.o
 .text.Dataflash_WaitWhileBusy
                0x000000000000029a       0x1c Lib/DataflashManager.o
 .text.Dataflash_SendAddressBytes
                0x00000000000002b6       0x32 Lib/DataflashManager.o
 .text.Dataflash_SelectChipFromPage
                0x00000000000002e8       0x22 Lib/DataflashManager.o
 .text.DataflashManager_WriteBlocks
                0x000000000000030a      0x262 Lib/DataflashManager.o
                0x000000000000030a                DataflashManager_WriteBlocks
 .text.DataflashManager_ReadBlocks
                0x000000000000056c      0x21e Lib/DataflashManager.o
                0x000000000000056c                DataflashManager_ReadBlocks
 .text.DataflashManager_ResetDataflashProtections
                0x000000000000078a       0xa0 Lib/DataflashManager.o
                0x000000000000078a                DataflashManager_ResetDataflashProtections
 .text.DataflashManager_CheckDataflashOperation
                0x000000000000082a       0x52 Lib/DataflashManager.o
                0x000000000000082a                DataflashManager_CheckDataflashOperation
 .text.SCSI_Command_ReadWrite_10
                0x000000000000087c       0x86 Lib/SCSI.o
 .text.SCSI_DecodeSCSICommand
                0x0000000000000902      0x232 Lib/SCSI.o
                0x0000000000000902                SCSI_DecodeSCSICommand
 .text.Endpoint_Null_Stream
                0x0000000000000b34       0x86 ../../../../LUFA/Drivers/USB/Core/AVR8/EndpointStream_AVR8.o
                0x0000000000000b34                Endpoint_Null_Stream
 .text.Endpoint_Write_Stream_LE
                0x0000000000000bba       0x9a ../../../../LUFA/Drivers/USB/Core/AVR8/EndpointStream_AVR8.o
                0x0000000000000bba                Endpoint_Write_Stream_LE
 .text.Endpoint_Write_Stream_BE
                0x0000000000000c54       0xa4 ../../../../LUFA/Drivers/USB/Core/AVR8/EndpointStream_AVR8.o
                0x0000000000000c54                Endpoint_Write_Stream_BE
 .text.Endpoint_Read_Stream_LE
                0x0000000000000cf8       0x9a ../../../../LUFA/Drivers/USB/Core/AVR8/EndpointStream_AVR8.o
                0x0000000000000cf8                Endpoint_Read_Stream_LE
 .text.Endpoint_Write_Control_Stream_LE
                0x0000000000000d92       0xb6 ../../../../LUFA/Drivers/USB/Core/AVR8/EndpointStream_AVR8.o
                0x0000000000000d92                Endpoint_Write_Control_Stream_LE
 .text.Endpoint_Write_Control_PStream_LE
                0x0000000000000e48       0xb8 ../../../../LUFA/Drivers/USB/Core/AVR8/EndpointStream_AVR8.o
                0x0000000000000e48                Endpoint_Write_Control_PStream_LE
 .text.Endpoint_ConfigureEndpoint_Prv
                0x0000000000000f00       0x6a ../../../../LUFA/Drivers/USB/Core/AVR8/Endpoint_AVR8.o
                0x0000000000000f00                Endpoint_ConfigureEndpoint_Prv
 .text.Endpoint_ConfigureEndpointTable
                0x0000000000000f6a       0x7a ../../../../LUFA/Drivers/USB/Core/AVR8/Endpoint_AVR8.o
                0x0000000000000f6a                Endpoint_ConfigureEndpointTable
 .text.Endpoint_ClearStatusStage
                0x0000000000000fe4       0x3e ../../../../LUFA/Drivers/USB/Core/AVR8/Endpoint_AVR8.o
                0x0000000000000fe4                Endpoint_ClearStatusStage
 .text.Endpoint_WaitUntilReady
                0x0000000000001022       0x5e ../../../../LUFA/Drivers/USB/Core/AVR8/Endpoint_AVR8.o
                0x0000000000001022                Endpoint_WaitUntilReady
 .text.USB_ResetInterface
                0x0000000000001080       0x8a ../../../../LUFA/Drivers/USB/Core/AVR8/USBController_AVR8.o
                0x0000000000001080                USB_ResetInterface
 .text.USB_Init
                0x000000000000110a       0x1c ../../../../LUFA/Drivers/USB/Core/AVR8/USBController_AVR8.o
                0x000000000000110a                USB_Init
 .text.USB_INT_DisableAllInterrupts
                0x0000000000001126       0x10 ../../../../LUFA/Drivers/USB/Core/AVR8/USBInterrupt_AVR8.o
                0x0000000000001126                USB_INT_DisableAllInterrupts
 .text.USB_INT_ClearAllInterrupts
                0x0000000000001136        0xa ../../../../LUFA/Drivers/USB/Core/AVR8/USBInterrupt_AVR8.o
                0x0000000000001136                USB_INT_ClearAllInterrupts
 .text.__vector_10
                0x0000000000001140      0x1a2 ../../../../LUFA/Drivers/USB/Core/AVR8/USBInterrupt_AVR8.o
                0x0000000000001140                __vector_10
 .text.__vector_11
                0x00000000000012e2       0x7e ../../../../LUFA/Drivers/USB/Core/AVR8/USBInterrupt_AVR8.o
                0x00000000000012e2                __vector_11
 .text.USB_Device_ProcessControlRequest
                0x0000000000001360      0x2ae ../../../../LUFA/Drivers/USB/Core/DeviceStandardReq.o
                0x0000000000001360                USB_Device_ProcessControlRequest
 .text.USB_Event_Stub
                0x000000000000160e        0x2 ../../../../LUFA/Drivers/USB/Core/Events.o
                0x000000000000160e                EVENT_USB_Device_WakeUp
                0x000000000000160e                USB_Event_Stub
                0x000000000000160e                EVENT_USB_Device_Suspend
                0x000000000000160e                EVENT_USB_Device_StartOfFrame
                0x000000000000160e                EVENT_USB_Device_Reset
 .text.USB_USBTask
                0x0000000000001610       0x36 ../../../../LUFA/Drivers/USB/Core/USBTask.o
                0x0000000000001610                USB_USBTask
 .text.MS_Device_ProcessControlRequest
                0x0000000000001646       0x7c ../../../../LUFA/Drivers/USB/Class/Device/MassStorageClassDevice.o
                0x0000000000001646                MS_Device_ProcessControlRequest
 .text.MS_Device_ConfigureEndpoints
                0x00000000000016c2       0x3a ../../../../LUFA/Drivers/USB/Class/Device/MassStorageClassDevice.o
                0x00000000000016c2                MS_Device_ConfigureEndpoints
 .text.MS_Device_USBTask
                0x00000000000016fc      0x234 ../../../../LUFA/Drivers/USB/Class/Device/MassStorageClassDevice.o
                0x00000000000016fc                MS_Device_USBTask
                0x0000000000001930                . = ALIGN (0x2)
 *(.fini9)
 .fini9         0x0000000000001930        0x0 /usr/lib/gcc/avr/6.2.0/avr51/libgcc.a(_exit.o)
                0x0000000000001930                exit
                0x0000000000001930                _exit
 *(.fini9)
 *(.fini8)
 *(.fini8)
 *(.fini7)
 *(.fini7)
 *(.fini6)
 *(.fini6)
 *(.fini5)
 *(.fini5)
 *(.fini4)
 *(.fini4)
 *(.fini3)
 *(.fini3)
 *(.fini2)
 *(.fini2)
 *(.fini1)
 *(.fini1)
 *(.fini0)
 .fini0         0x0000000000001930        0x4 /usr/lib/gcc/avr/6.2.0/avr51/libgcc.a(_exit.o)
 *(.fini0)
                0x0000000000001934                _etext = .

.data           0x0000000000800100       0x70 load address 0x0000000000001934
                0x0000000000800100                PROVIDE (__data_start, .)
 *(.data)
 .data          0x0000000000800100       0x39 MassStorage.o
                0x0000000000800100                Disk_MS_Interface
 .data          0x0000000000800139       0x12 Lib/SCSI.o
 *(.data*)
 *(.rodata)
 .rodata        0x000000000080014b       0x24 Lib/SCSI.o
 *(.rodata*)
 *(.gnu.linkonce.d*)
                0x0000000000800170                . = ALIGN (0x2)
 *fill*         0x000000000080016f        0x1 
                0x0000000000800170                _edata = .
                0x0000000000800170                PROVIDE (__data_end, .)

.bss            0x0000000000800170        0xd
                0x0000000000800170                PROVIDE (__bss_start, .)
 *(.bss)
 *(.bss*)
 *(COMMON)
 COMMON         0x0000000000800170        0x3 ../../../../LUFA/Drivers/USB/Core/DeviceStandardReq.o
                0x0000000000800170                USB_Device_ConfigurationNumber
                0x0000000000800171                USB_Device_CurrentlySelfPowered
                0x0000000000800172                USB_Device_RemoteWakeupEnabled
 COMMON         0x0000000000800173        0xa ../../../../LUFA/Drivers/USB/Core/USBTask.o
                0x0000000000800173                USB_IsInitialized
                0x0000000000800174                USB_DeviceState
                0x0000000000800175                USB_ControlRequest
                0x000000000080017d                PROVIDE (__bss_end, .)
                0x0000000000001934                __data_load_start = LOADADDR (.data)
                0x00000000000019a4                __data_load_end = (__data_load_start + SIZEOF (.data))

.noinit         0x000000000080017d        0x0
                [!provide]                        PROVIDE (__noinit_start, .)
 *(.noinit*)
                [!provide]                        PROVIDE (__noinit_end, .)
                0x000000000080017d                _end = .
                [!provide]                        PROVIDE (__heap_start, .)

.eeprom         0x0000000000810000        0x0
 *(.eeprom*)
                0x0000000000810000                __eeprom_end = .

.fuse
 *(.fuse)
 *(.lfuse)
 *(.hfuse)
 *(.efuse)

.lock
 *(.lock*)

.signature
 *(.signature*)

.stab
 *(.stab)

.stabstr
 *(.stabstr)

.stab.excl
 *(.stab.excl)

.stab.exclstr
 *(.stab.exclstr)

.stab.index
 *(.stab.index)

.stab.indexstr
 *(.stab.indexstr)

.comment        0x0000000000000000       0x11
 *(.comment)
 .comment       0x0000000000000000       0x11 MassStorage.o
                                         0x12 (size before relaxing)
 .comment       0x0000000000000011       0x12 Descriptors.o
 .comment       0x0000000000000011       0x12 Lib/DataflashManager.o
 .comment       0x0000000000000011       0x12 Lib/SCSI.o
 .comment       0x0000000000000011       0x12 ../../../../LUFA/Drivers/USB/Core/AVR8/EndpointStream_AVR8.o
 .comment       0x0000000000000011       0x12 ../../../../LUFA/Drivers/USB/Core/AVR8/Endpoint_AVR8.o
 .comment       0x0000000000000011       0x12 ../../../../LUFA/Drivers/USB/Core/AVR8/USBController_AVR8.o
 .comment       0x0000000000000011       0x12 ../../../../LUFA/Drivers/USB/Core/AVR8/USBInterrupt_AVR8.o
 .comment       0x0000000000000011       0x12 ../../../../LUFA/Drivers/USB/Core/DeviceStandardReq.o
 .comment       0x0000000000000011       0x12 ../../../../LUFA/Drivers/USB/Core/Events.o
 .comment       0x0000000000000011       0x12 ../../../../LUFA/Drivers/USB/Core/USBTask.o
 .comment       0x0000000000000011       0x12 ../../../../LUFA/Drivers/USB/Class/Device/MassStorageClassDevice.o

.note.gnu.avr.deviceinfo
                0x0000000000000000       0x40
 .note.gnu.avr.deviceinfo
                0x0000000000000000       0x40 /usr/lib/gcc/avr/6.2.0/../../../../avr/lib/avr51/crtat90usb1287.o

.note.gnu.build-id
 *(.note.gnu.build-id)

.debug
 *(.debug)

.line
 *(.line)

.debug_srcinfo
 *(.debug_srcinfo)

.debug_sfnames
 *(.debug_sfnames)

.debug_aranges  0x0000000000000000      0x308
 *(.debug_aranges)
 .debug_aranges
                0x0000000000000000       0x58 MassStorage.o
 .debug_aranges
                0x0000000000000058       0x20 Descriptors.o
 .debug_aranges
                0x0000000000000078       0x68 Lib/DataflashManager.o
 .debug_aranges
                0x00000000000000e0       0x28 Lib/SCSI.o
 .debug_aranges
                0x0000000000000108       0xc8 ../../../../LUFA/Drivers/USB/Core/AVR8/EndpointStream_AVR8.o
 .debug_aranges
                0x00000000000001d0       0x40 ../../../../LUFA/Drivers/USB/Core/AVR8/Endpoint_AVR8.o
 .debug_aranges
                0x0000000000000210       0x30 ../../../../LUFA/Drivers/USB/Core/AVR8/USBController_AVR8.o
 .debug_aranges
                0x0000000000000240       0x38 ../../../../LUFA/Drivers/USB/Core/AVR8/USBInterrupt_AVR8.o
 .debug_aranges
                0x0000000000000278       0x20 ../../../../LUFA/Drivers/USB/Core/DeviceStandardReq.o
 .debug_aranges
                0x0000000000000298       0x20 ../../../../LUFA/Drivers/USB/Core/Events.o
 .debug_aranges
                0x00000000000002b8       0x20 ../../../../LUFA/Drivers/USB/Core/USBTask.o
 .debug_aranges
                0x00000000000002d8       0x30 ../../../../LUFA/Drivers/USB/Class/Device/MassStorageClassDevice.o

.debug_pubnames
 *(.debug_pubnames)

.debug_info     0x0000000000000000     0x8df7
 *(.debug_info .gnu.linkonce.wi.*)
 .debug_info    0x0000000000000000      0xb70 /usr/lib/gcc/avr/6.2.0/../../../../avr/lib/avr51/crtat90usb1287.o
 .debug_info    0x0000000000000b70      0x843 MassStorage.o
 .debug_info    0x00000000000013b3      0x7b0 Descriptors.o
 .debug_info    0x0000000000001b63     0x220c Lib/DataflashManager.o
 .debug_info    0x0000000000003d6f      0xd29 Lib/SCSI.o
 .debug_info    0x0000000000004a98     0x17dc ../../../../LUFA/Drivers/USB/Core/AVR8/EndpointStream_AVR8.o
 .debug_info    0x0000000000006274      0x651 ../../../../LUFA/Drivers/USB/Core/AVR8/Endpoint_AVR8.o
 .debug_info    0x00000000000068c5      0x54e ../../../../LUFA/Drivers/USB/Core/AVR8/USBController_AVR8.o
 .debug_info    0x0000000000006e13      0x87a ../../../../LUFA/Drivers/USB/Core/AVR8/USBInterrupt_AVR8.o
 .debug_info    0x000000000000768d      0xa39 ../../../../LUFA/Drivers/USB/Core/DeviceStandardReq.o
 .debug_info    0x00000000000080c6       0x78 ../../../../LUFA/Drivers/USB/Core/Events.o
 .debug_info    0x000000000000813e      0x2ad ../../../../LUFA/Drivers/USB/Core/USBTask.o
 .debug_info    0x00000000000083eb      0xa0c ../../../../LUFA/Drivers/USB/Class/Device/MassStorageClassDevice.o

.debug_abbrev   0x0000000000000000     0x25de
 *(.debug_abbrev)
 .debug_abbrev  0x0000000000000000      0xad2 /usr/lib/gcc/avr/6.2.0/../../../../avr/lib/avr51/crtat90usb1287.o
 .debug_abbrev  0x0000000000000ad2      0x2f7 MassStorage.o
 .debug_abbrev  0x0000000000000dc9      0x1b9 Descriptors.o
 .debug_abbrev  0x0000000000000f82      0x3a6 Lib/DataflashManager.o
 .debug_abbrev  0x0000000000001328      0x323 Lib/SCSI.o
 .debug_abbrev  0x000000000000164b      0x208 ../../../../LUFA/Drivers/USB/Core/AVR8/EndpointStream_AVR8.o
 .debug_abbrev  0x0000000000001853      0x240 ../../../../LUFA/Drivers/USB/Core/AVR8/Endpoint_AVR8.o
 .debug_abbrev  0x0000000000001a93      0x1ad ../../../../LUFA/Drivers/USB/Core/AVR8/USBController_AVR8.o
 .debug_abbrev  0x0000000000001c40      0x22f ../../../../LUFA/Drivers/USB/Core/AVR8/USBInterrupt_AVR8.o
 .debug_abbrev  0x0000000000001e6f      0x2ce ../../../../LUFA/Drivers/USB/Core/DeviceStandardReq.o
 .debug_abbrev  0x000000000000213d       0x44 ../../../../LUFA/Drivers/USB/Core/Events.o
 .debug_abbrev  0x0000000000002181      0x196 ../../../../LUFA/Drivers/USB/Core/USBTask.o
 .debug_abbrev  0x0000000000002317      0x2c7 ../../../../LUFA/Drivers/USB/Class/Device/MassStorageClassDevice.o

.debug_line     0x0000000000000000     0x461e
 *(.debug_line .debug_line.* .debug_line_end)
 .debug_line    0x0000000000000000       0x1d /usr/lib/gcc/avr/6.2.0/../../../../avr/lib/avr51/crtat90usb1287.o
 .debug_line    0x000000000000001d      0x4da MassStorage.o
 .debug_line    0x00000000000004f7      0x224 Descriptors.o
 .debug_line    0x000000000000071b      0xeea Lib/DataflashManager.o
 .debug_line    0x0000000000001605      0x419 Lib/SCSI.o
 .debug_line    0x0000000000001a1e     0x13bc ../../../../LUFA/Drivers/USB/Core/AVR8/EndpointStream_AVR8.o
 .debug_line    0x0000000000002dda      0x4b9 ../../../../LUFA/Drivers/USB/Core/AVR8/Endpoint_AVR8.o
 .debug_line    0x0000000000003293      0x302 ../../../../LUFA/Drivers/USB/Core/AVR8/USBController_AVR8.o
 .debug_line    0x0000000000003595      0x530 ../../../../LUFA/Drivers/USB/Core/AVR8/USBInterrupt_AVR8.o
 .debug_line    0x0000000000003ac5      0x4ad ../../../../LUFA/Drivers/USB/Core/DeviceStandardReq.o
 .debug_line    0x0000000000003f72       0x5b ../../../../LUFA/Drivers/USB/Core/Events.o
 .debug_line    0x0000000000003fcd      0x17b ../../../../LUFA/Drivers/USB/Core/USBTask.o
 .debug_line    0x0000000000004148      0x4d6 ../../../../LUFA/Drivers/USB/Class/Device/MassStorageClassDevice.o

.debug_frame    0x0000000000000000      0x9c8
 *(.debug_frame)
 .debug_frame   0x0000000000000000       0xa0 MassStorage.o
 .debug_frame   0x00000000000000a0       0x24 Descriptors.o
 .debug_frame   0x00000000000000c4      0x1b4 Lib/DataflashManager.o
 .debug_frame   0x0000000000000278       0x78 Lib/SCSI.o
 .debug_frame   0x00000000000002f0      0x414 ../../../../LUFA/Drivers/USB/Core/AVR8/EndpointStream_AVR8.o
 .debug_frame   0x0000000000000704       0x78 ../../../../LUFA/Drivers/USB/Core/AVR8/Endpoint_AVR8.o
 .debug_frame   0x000000000000077c       0x58 ../../../../LUFA/Drivers/USB/Core/AVR8/USBController_AVR8.o
 .debug_frame   0x00000000000007d4       0xe8 ../../../../LUFA/Drivers/USB/Core/AVR8/USBInterrupt_AVR8.o
 .debug_frame   0x00000000000008bc       0x3c ../../../../LUFA/Drivers/USB/Core/DeviceStandardReq.o
 .debug_frame   0x00000000000008f8       0x24 ../../../../LUFA/Drivers/USB/Core/Events.o
 .debug_frame   0x000000000000091c       0x2c ../../../../LUFA/Drivers/USB/Core/USBTask.o
 .debug_frame   0x0000000000000948       0x80 ../../../../LUFA/Drivers/USB/Class/Device/MassStorageClassDevice.o

.debug_str      0x0000000000000000     0x285f
 *(.debug_str)
 .debug_str     0x0000000000000000      0x3f7 /usr/lib/gcc/avr/6.2.0/../../../../avr/lib/avr51/crtat90usb1287.o
 .debug_str     0x00000000000003f7      0x6cb MassStorage.o
                                        0x73e (size before relaxing)
 .debug_str     0x0000000000000ac2      0x5e3 Descriptors.o
                                        0x95e (size before relaxing)
 .debug_str     0x00000000000010a5      0x2b4 Lib/DataflashManager.o
                                        0x760 (size before relaxing)
 .debug_str     0x0000000000001359      0x325 Lib/SCSI.o
                                        0x861 (size before relaxing)
 .debug_str     0x000000000000167e      0x57d ../../../../LUFA/Drivers/USB/Core/AVR8/EndpointStream_AVR8.o
                                        0x90b (size before relaxing)
 .debug_str     0x0000000000001bfb      0x2dc ../../../../LUFA/Drivers/USB/Core/AVR8/Endpoint_AVR8.o
                                        0x6cb (size before relaxing)
 .debug_str     0x0000000000001ed7      0x223 ../../../../LUFA/Drivers/USB/Core/AVR8/USBController_AVR8.o
                                        0x5ef (size before relaxing)
 .debug_str     0x00000000000020fa      0x196 ../../../../LUFA/Drivers/USB/Core/AVR8/USBInterrupt_AVR8.o
                                        0x6bf (size before relaxing)
 .debug_str     0x0000000000002290      0x424 ../../../../LUFA/Drivers/USB/Core/DeviceStandardReq.o
                                        0xa1f (size before relaxing)
 .debug_str     0x00000000000026b4       0x3a ../../../../LUFA/Drivers/USB/Core/Events.o
                                        0x1df (size before relaxing)
 .debug_str     0x00000000000026ee       0x48 ../../../../LUFA/Drivers/USB/Core/USBTask.o
                                        0x41e (size before relaxing)
 .debug_str     0x0000000000002736      0x129 ../../../../LUFA/Drivers/USB/Class/Device/MassStorageClassDevice.o
                                        0x8f2 (size before relaxing)

.debug_loc      0x0000000000000000     0x4860
 *(.debug_loc)
 .debug_loc     0x0000000000000000      0x102 MassStorage.o
 .debug_loc     0x0000000000000102      0x17a Descriptors.o
 .debug_loc     0x000000000000027c      0xde7 Lib/DataflashManager.o
 .debug_loc     0x0000000000001063      0x3e1 Lib/SCSI.o
 .debug_loc     0x0000000000001444     0x24ff ../../../../LUFA/Drivers/USB/Core/AVR8/EndpointStream_AVR8.o
 .debug_loc     0x0000000000003943      0x440 ../../../../LUFA/Drivers/USB/Core/AVR8/Endpoint_AVR8.o
 .debug_loc     0x0000000000003d83       0xd5 ../../../../LUFA/Drivers/USB/Core/AVR8/USBController_AVR8.o
 .debug_loc     0x0000000000003e58      0x3e7 ../../../../LUFA/Drivers/USB/Core/AVR8/USBInterrupt_AVR8.o
 .debug_loc     0x000000000000423f      0x305 ../../../../LUFA/Drivers/USB/Core/DeviceStandardReq.o
 .debug_loc     0x0000000000004544       0x49 ../../../../LUFA/Drivers/USB/Core/USBTask.o
 .debug_loc     0x000000000000458d      0x2d3 ../../../../LUFA/Drivers/USB/Class/Device/MassStorageClassDevice.o

.debug_macinfo
 *(.debug_macinfo)

.debug_weaknames
 *(.debug_weaknames)

.debug_funcnames
 *(.debug_funcnames)

.debug_typenames
 *(.debug_typenames)

.debug_varnames
 *(.debug_varnames)

.debug_pubtypes
 *(.debug_pubtypes)

.debug_ranges   0x0000000000000000      0x718
 *(.debug_ranges)
 .debug_ranges  0x0000000000000000       0x48 MassStorage.o
 .debug_ranges  0x0000000000000048       0x28 Descriptors.o
 .debug_ranges  0x0000000000000070      0x108 Lib/DataflashManager.o
 .debug_ranges  0x0000000000000178       0x48 Lib/SCSI.o
 .debug_ranges  0x00000000000001c0      0x228 ../../../../LUFA/Drivers/USB/Core/AVR8/EndpointStream_AVR8.o
 .debug_ranges  0x00000000000003e8       0xe8 ../../../../LUFA/Drivers/USB/Core/AVR8/Endpoint_AVR8.o
 .debug_ranges  0x00000000000004d0       0x20 ../../../../LUFA/Drivers/USB/Core/AVR8/USBController_AVR8.o
 .debug_ranges  0x00000000000004f0       0x28 ../../../../LUFA/Drivers/USB/Core/AVR8/USBInterrupt_AVR8.o
 .debug_ranges  0x0000000000000518      0x128 ../../../../LUFA/Drivers/USB/Core/DeviceStandardReq.o
 .debug_ranges  0x0000000000000640       0x10 ../../../../LUFA/Drivers/USB/Core/Events.o
 .debug_ranges  0x0000000000000650       0x58 ../../../../LUFA/Drivers/USB/Core/USBTask.o
 .debug_ranges  0x00000000000006a8       0x70 ../../../../LUFA/Drivers/USB/Class/Device/MassStorageClassDevice.o

.debug_macro
 *(.debug_macro)
OUTPUT(MassStorage.elf elf32-avr)
LOAD linker stubs

Cross Reference Table

Symbol                                            File
Audio_Device_ConfigureEndpoints                   ../../../../LUFA/Drivers/USB/Class/Device/AudioClassDevice.o
Audio_Device_Event_Stub                           ../../../../LUFA/Drivers/USB/Class/Device/AudioClassDevice.o
Audio_Device_ProcessControlRequest                ../../../../LUFA/Drivers/USB/Class/Device/AudioClassDevice.o
CALLBACK_Audio_Device_GetSetEndpointProperty      ../../../../LUFA/Drivers/USB/Class/Device/AudioClassDevice.o
CALLBACK_Audio_Device_GetSetInterfaceProperty     ../../../../LUFA/Drivers/USB/Class/Device/AudioClassDevice.o
CALLBACK_HIDParser_FilterHIDReportItem            ../../../../LUFA/Drivers/USB/Class/Common/HIDParser.o
CALLBACK_HID_Device_CreateHIDReport               ../../../../LUFA/Drivers/USB/Class/Device/HIDClassDevice.o
CALLBACK_HID_Device_ProcessHIDReport              ../../../../LUFA/Drivers/USB/Class/Device/HIDClassDevice.o
CALLBACK_MS_Device_SCSICommandReceived            MassStorage.o
                                                  ../../../../LUFA/Drivers/USB/Class/Device/MassStorageClassDevice.o
CALLBACK_USB_GetDescriptor                        Descriptors.o
                                                  ../../../../LUFA/Drivers/USB/Core/DeviceStandardReq.o
CDC_Device_BytesReceived                          ../../../../LUFA/Drivers/USB/Class/Device/CDCClassDevice.o
CDC_Device_ConfigureEndpoints                     ../../../../LUFA/Drivers/USB/Class/Device/CDCClassDevice.o
CDC_Device_CreateBlockingStream                   ../../../../LUFA/Drivers/USB/Class/Device/CDCClassDevice.o
CDC_Device_CreateStream                           ../../../../LUFA/Drivers/USB/Class/Device/CDCClassDevice.o
CDC_Device_Event_Stub                             ../../../../LUFA/Drivers/USB/Class/Device/CDCClassDevice.o
CDC_Device_Flush                                  ../../../../LUFA/Drivers/USB/Class/Device/CDCClassDevice.o
CDC_Device_ProcessControlRequest                  ../../../../LUFA/Drivers/USB/Class/Device/CDCClassDevice.o
CDC_Device_ReceiveByte                            ../../../../LUFA/Drivers/USB/Class/Device/CDCClassDevice.o
CDC_Device_SendByte                               ../../../../LUFA/Drivers/USB/Class/Device/CDCClassDevice.o
CDC_Device_SendControlLineStateChange             ../../../../LUFA/Drivers/USB/Class/Device/CDCClassDevice.o
CDC_Device_SendData                               ../../../../LUFA/Drivers/USB/Class/Device/CDCClassDevice.o
CDC_Device_SendData_P                             ../../../../LUFA/Drivers/USB/Class/Device/CDCClassDevice.o
CDC_Device_SendString                             ../../../../LUFA/Drivers/USB/Class/Device/CDCClassDevice.o
CDC_Device_SendString_P                           ../../../../LUFA/Drivers/USB/Class/Device/CDCClassDevice.o
CDC_Device_USBTask                                ../../../../LUFA/Drivers/USB/Class/Device/CDCClassDevice.o
ConfigurationDescriptor                           Descriptors.o
DataflashManager_CheckDataflashOperation          Lib/DataflashManager.o
                                                  Lib/SCSI.o
                                                  MassStorage.o
DataflashManager_ReadBlocks                       Lib/DataflashManager.o
                                                  Lib/SCSI.o
DataflashManager_ReadBlocks_RAM                   Lib/DataflashManager.o
DataflashManager_ResetDataflashProtections        Lib/DataflashManager.o
                                                  MassStorage.o
DataflashManager_WriteBlocks                      Lib/DataflashManager.o
                                                  Lib/SCSI.o
DataflashManager_WriteBlocks_RAM                  Lib/DataflashManager.o
DeviceDescriptor                                  Descriptors.o
Disk_MS_Interface                                 MassStorage.o
EVENT_Audio_Device_StreamStartStop                ../../../../LUFA/Drivers/USB/Class/Device/AudioClassDevice.o
EVENT_CDC_Device_BreakSent                        ../../../../LUFA/Drivers/USB/Class/Device/CDCClassDevice.o
EVENT_CDC_Device_ControLineStateChanged           ../../../../LUFA/Drivers/USB/Class/Device/CDCClassDevice.o
EVENT_CDC_Device_LineEncodingChanged              ../../../../LUFA/Drivers/USB/Class/Device/CDCClassDevice.o
EVENT_PRNT_Device_SoftReset                       ../../../../LUFA/Drivers/USB/Class/Device/PrinterClassDevice.o
EVENT_USB_Device_ConfigurationChanged             MassStorage.o
                                                  ../../../../LUFA/Drivers/USB/Core/DeviceStandardReq.o
EVENT_USB_Device_Connect                          MassStorage.o
                                                  ../../../../LUFA/Drivers/USB/Core/AVR8/USBInterrupt_AVR8.o
EVENT_USB_Device_ControlRequest                   MassStorage.o
                                                  ../../../../LUFA/Drivers/USB/Core/DeviceStandardReq.o
EVENT_USB_Device_Disconnect                       MassStorage.o
                                                  ../../../../LUFA/Drivers/USB/Core/AVR8/USBInterrupt_AVR8.o
EVENT_USB_Device_Reset                            ../../../../LUFA/Drivers/USB/Core/Events.o
                                                  ../../../../LUFA/Drivers/USB/Core/AVR8/USBInterrupt_AVR8.o
EVENT_USB_Device_StartOfFrame                     ../../../../LUFA/Drivers/USB/Core/Events.o
                                                  ../../../../LUFA/Drivers/USB/Core/AVR8/USBInterrupt_AVR8.o
EVENT_USB_Device_Suspend                          ../../../../LUFA/Drivers/USB/Core/Events.o
                                                  ../../../../LUFA/Drivers/USB/Core/AVR8/USBInterrupt_AVR8.o
EVENT_USB_Device_WakeUp                           ../../../../LUFA/Drivers/USB/Core/Events.o
                                                  ../../../../LUFA/Drivers/USB/Core/AVR8/USBInterrupt_AVR8.o
Endpoint_ClearEndpoints                           ../../../../LUFA/Drivers/USB/Core/AVR8/Endpoint_AVR8.o
Endpoint_ClearStatusStage                         ../../../../LUFA/Drivers/USB/Core/AVR8/Endpoint_AVR8.o
                                                  ../../../../LUFA/Drivers/USB/Class/Device/PrinterClassDevice.o
                                                  ../../../../LUFA/Drivers/USB/Class/Device/MassStorageClassDevice.o
                                                  ../../../../LUFA/Drivers/USB/Class/Device/HIDClassDevice.o
                                                  ../../../../LUFA/Drivers/USB/Class/Device/CDCClassDevice.o
                                                  ../../../../LUFA/Drivers/USB/Class/Device/AudioClassDevice.o
                                                  ../../../../LUFA/Drivers/USB/Core/DeviceStandardReq.o
Endpoint_ConfigureEndpointTable                   ../../../../LUFA/Drivers/USB/Core/AVR8/Endpoint_AVR8.o
                                                  ../../../../LUFA/Drivers/USB/Class/Device/RNDISClassDevice.o
                                                  ../../../../LUFA/Drivers/USB/Class/Device/PrinterClassDevice.o
                                                  ../../../../LUFA/Drivers/USB/Class/Device/MIDIClassDevice.o
                                                  ../../../../LUFA/Drivers/USB/Class/Device/MassStorageClassDevice.o
                                                  ../../../../LUFA/Drivers/USB/Class/Device/HIDClassDevice.o
                                                  ../../../../LUFA/Drivers/USB/Class/Device/CDCClassDevice.o
                                                  ../../../../LUFA/Drivers/USB/Class/Device/AudioClassDevice.o
Endpoint_ConfigureEndpoint_Prv                    ../../../../LUFA/Drivers/USB/Core/AVR8/Endpoint_AVR8.o
                                                  ../../../../LUFA/Drivers/USB/Core/AVR8/USBInterrupt_AVR8.o
                                                  ../../../../LUFA/Drivers/USB/Core/AVR8/USBController_AVR8.o
Endpoint_Discard_Stream                           ../../../../LUFA/Drivers/USB/Core/AVR8/EndpointStream_AVR8.o
Endpoint_Null_Stream                              ../../../../LUFA/Drivers/USB/Core/AVR8/EndpointStream_AVR8.o
                                                  Lib/SCSI.o
Endpoint_Read_Control_EStream_BE                  ../../../../LUFA/Drivers/USB/Core/AVR8/EndpointStream_AVR8.o
Endpoint_Read_Control_EStream_LE                  ../../../../LUFA/Drivers/USB/Core/AVR8/EndpointStream_AVR8.o
Endpoint_Read_Control_Stream_BE                   ../../../../LUFA/Drivers/USB/Core/AVR8/EndpointStream_AVR8.o
Endpoint_Read_Control_Stream_LE                   ../../../../LUFA/Drivers/USB/Core/AVR8/EndpointStream_AVR8.o
                                                  ../../../../LUFA/Drivers/USB/Class/Device/RNDISClassDevice.o
                                                  ../../../../LUFA/Drivers/USB/Class/Device/HIDClassDevice.o
                                                  ../../../../LUFA/Drivers/USB/Class/Device/AudioClassDevice.o
Endpoint_Read_EStream_BE                          ../../../../LUFA/Drivers/USB/Core/AVR8/EndpointStream_AVR8.o
Endpoint_Read_EStream_LE                          ../../../../LUFA/Drivers/USB/Core/AVR8/EndpointStream_AVR8.o
Endpoint_Read_Stream_BE                           ../../../../LUFA/Drivers/USB/Core/AVR8/EndpointStream_AVR8.o
Endpoint_Read_Stream_LE                           ../../../../LUFA/Drivers/USB/Core/AVR8/EndpointStream_AVR8.o
                                                  ../../../../LUFA/Drivers/USB/Class/Device/RNDISClassDevice.o
                                                  ../../../../LUFA/Drivers/USB/Class/Device/MIDIClassDevice.o
                                                  ../../../../LUFA/Drivers/USB/Class/Device/MassStorageClassDevice.o
Endpoint_WaitUntilReady                           ../../../../LUFA/Drivers/USB/Core/AVR8/Endpoint_AVR8.o
                                                  ../../../../LUFA/Drivers/USB/Class/Device/RNDISClassDevice.o
                                                  ../../../../LUFA/Drivers/USB/Class/Device/PrinterClassDevice.o
                                                  ../../../../LUFA/Drivers/USB/Class/Device/MIDIClassDevice.o
                                                  ../../../../LUFA/Drivers/USB/Class/Device/CDCClassDevice.o
                                                  ../../../../LUFA/Drivers/USB/Core/AVR8/EndpointStream_AVR8.o
                                                  Lib/DataflashManager.o
Endpoint_Write_Control_EStream_BE                 ../../../../LUFA/Drivers/USB/Core/AVR8/EndpointStream_AVR8.o
Endpoint_Write_Control_EStream_LE                 ../../../../LUFA/Drivers/USB/Core/AVR8/EndpointStream_AVR8.o
Endpoint_Write_Control_PStream_BE                 ../../../../LUFA/Drivers/USB/Core/AVR8/EndpointStream_AVR8.o
Endpoint_Write_Control_PStream_LE                 ../../../../LUFA/Drivers/USB/Core/AVR8/EndpointStream_AVR8.o
                                                  ../../../../LUFA/Drivers/USB/Core/DeviceStandardReq.o
Endpoint_Write_Control_Stream_BE                  ../../../../LUFA/Drivers/USB/Core/AVR8/EndpointStream_AVR8.o
Endpoint_Write_Control_Stream_LE                  ../../../../LUFA/Drivers/USB/Core/AVR8/EndpointStream_AVR8.o
                                                  ../../../../LUFA/Drivers/USB/Class/Device/RNDISClassDevice.o
                                                  ../../../../LUFA/Drivers/USB/Class/Device/PrinterClassDevice.o
                                                  ../../../../LUFA/Drivers/USB/Class/Device/HIDClassDevice.o
                                                  ../../../../LUFA/Drivers/USB/Class/Device/AudioClassDevice.o
                                                  ../../../../LUFA/Drivers/USB/Core/DeviceStandardReq.o
Endpoint_Write_EStream_BE                         ../../../../LUFA/Drivers/USB/Core/AVR8/EndpointStream_AVR8.o
Endpoint_Write_EStream_LE                         ../../../../LUFA/Drivers/USB/Core/AVR8/EndpointStream_AVR8.o
Endpoint_Write_PStream_BE                         ../../../../LUFA/Drivers/USB/Core/AVR8/EndpointStream_AVR8.o
Endpoint_Write_PStream_LE                         ../../../../LUFA/Drivers/USB/Core/AVR8/EndpointStream_AVR8.o
                                                  ../../../../LUFA/Drivers/USB/Class/Device/CDCClassDevice.o
Endpoint_Write_Stream_BE                          ../../../../LUFA/Drivers/USB/Core/AVR8/EndpointStream_AVR8.o
                                                  Lib/SCSI.o
Endpoint_Write_Stream_LE                          ../../../../LUFA/Drivers/USB/Core/AVR8/EndpointStream_AVR8.o
                                                  ../../../../LUFA/Drivers/USB/Class/Device/RNDISClassDevice.o
                                                  ../../../../LUFA/Drivers/USB/Class/Device/PrinterClassDevice.o
                                                  ../../../../LUFA/Drivers/USB/Class/Device/MIDIClassDevice.o
                                                  ../../../../LUFA/Drivers/USB/Class/Device/MassStorageClassDevice.o
                                                  ../../../../LUFA/Drivers/USB/Class/Device/HIDClassDevice.o
                                                  ../../../../LUFA/Drivers/USB/Class/Device/CDCClassDevice.o
                                                  Lib/SCSI.o
HID_Device_ConfigureEndpoints                     ../../../../LUFA/Drivers/USB/Class/Device/HIDClassDevice.o
HID_Device_ProcessControlRequest                  ../../../../LUFA/Drivers/USB/Class/Device/HIDClassDevice.o
HID_Device_USBTask                                ../../../../LUFA/Drivers/USB/Class/Device/HIDClassDevice.o
LanguageString                                    Descriptors.o
MIDI_Device_ConfigureEndpoints                    ../../../../LUFA/Drivers/USB/Class/Device/MIDIClassDevice.o
MIDI_Device_Flush                                 ../../../../LUFA/Drivers/USB/Class/Device/MIDIClassDevice.o
MIDI_Device_ReceiveEventPacket                    ../../../../LUFA/Drivers/USB/Class/Device/MIDIClassDevice.o
MIDI_Device_SendEventPacket                       ../../../../LUFA/Drivers/USB/Class/Device/MIDIClassDevice.o
MIDI_Device_USBTask                               ../../../../LUFA/Drivers/USB/Class/Device/MIDIClassDevice.o
MS_Device_ConfigureEndpoints                      ../../../../LUFA/Drivers/USB/Class/Device/MassStorageClassDevice.o
                                                  MassStorage.o
MS_Device_ProcessControlRequest                   ../../../../LUFA/Drivers/USB/Class/Device/MassStorageClassDevice.o
                                                  MassStorage.o
MS_Device_USBTask                                 ../../../../LUFA/Drivers/USB/Class/Device/MassStorageClassDevice.o
                                                  MassStorage.o
ManufacturerString                                Descriptors.o
PRNT_Device_BytesReceived                         ../../../../LUFA/Drivers/USB/Class/Device/PrinterClassDevice.o
PRNT_Device_ConfigureEndpoints                    ../../../../LUFA/Drivers/USB/Class/Device/PrinterClassDevice.o
PRNT_Device_CreateBlockingStream                  ../../../../LUFA/Drivers/USB/Class/Device/PrinterClassDevice.o
PRNT_Device_CreateStream                          ../../../../LUFA/Drivers/USB/Class/Device/PrinterClassDevice.o
PRNT_Device_Event_Stub                            ../../../../LUFA/Drivers/USB/Class/Device/PrinterClassDevice.o
PRNT_Device_Flush                                 ../../../../LUFA/Drivers/USB/Class/Device/PrinterClassDevice.o
PRNT_Device_ProcessControlRequest                 ../../../../LUFA/Drivers/USB/Class/Device/PrinterClassDevice.o
PRNT_Device_ReceiveByte                           ../../../../LUFA/Drivers/USB/Class/Device/PrinterClassDevice.o
PRNT_Device_SendByte                              ../../../../LUFA/Drivers/USB/Class/Device/PrinterClassDevice.o
PRNT_Device_SendData                              ../../../../LUFA/Drivers/USB/Class/Device/PrinterClassDevice.o
PRNT_Device_SendString                            ../../../../LUFA/Drivers/USB/Class/Device/PrinterClassDevice.o
PRNT_Device_USBTask                               ../../../../LUFA/Drivers/USB/Class/Device/PrinterClassDevice.o
ProductString                                     Descriptors.o
RNDIS_Device_ConfigureEndpoints                   ../../../../LUFA/Drivers/USB/Class/Device/RNDISClassDevice.o
RNDIS_Device_IsPacketReceived                     ../../../../LUFA/Drivers/USB/Class/Device/RNDISClassDevice.o
RNDIS_Device_ProcessControlRequest                ../../../../LUFA/Drivers/USB/Class/Device/RNDISClassDevice.o
RNDIS_Device_ReadPacket                           ../../../../LUFA/Drivers/USB/Class/Device/RNDISClassDevice.o
RNDIS_Device_SendPacket                           ../../../../LUFA/Drivers/USB/Class/Device/RNDISClassDevice.o
RNDIS_Device_USBTask                              ../../../../LUFA/Drivers/USB/Class/Device/RNDISClassDevice.o
SCSI_DecodeSCSICommand                            Lib/SCSI.o
                                                  MassStorage.o
SetupHardware                                     MassStorage.o
USB_ControlRequest                                ../../../../LUFA/Drivers/USB/Core/USBTask.o
                                                  ../../../../LUFA/Drivers/USB/Class/Device/RNDISClassDevice.o
                                                  ../../../../LUFA/Drivers/USB/Class/Device/PrinterClassDevice.o
                                                  ../../../../LUFA/Drivers/USB/Class/Device/MassStorageClassDevice.o
                                                  ../../../../LUFA/Drivers/USB/Class/Device/HIDClassDevice.o
                                                  ../../../../LUFA/Drivers/USB/Class/Device/CDCClassDevice.o
                                                  ../../../../LUFA/Drivers/USB/Class/Device/AudioClassDevice.o
                                                  ../../../../LUFA/Drivers/USB/Core/DeviceStandardReq.o
                                                  ../../../../LUFA/Drivers/USB/Core/AVR8/Endpoint_AVR8.o
                                                  ../../../../LUFA/Drivers/USB/Core/AVR8/EndpointStream_AVR8.o
USB_DeviceState                                   ../../../../LUFA/Drivers/USB/Core/USBTask.o
                                                  ../../../../LUFA/Drivers/USB/Class/Device/RNDISClassDevice.o
                                                  ../../../../LUFA/Drivers/USB/Class/Device/PrinterClassDevice.o
                                                  ../../../../LUFA/Drivers/USB/Class/Device/MIDIClassDevice.o
                                                  ../../../../LUFA/Drivers/USB/Class/Device/MassStorageClassDevice.o
                                                  ../../../../LUFA/Drivers/USB/Class/Device/HIDClassDevice.o
                                                  ../../../../LUFA/Drivers/USB/Class/Device/CDCClassDevice.o
                                                  ../../../../LUFA/Drivers/USB/Core/DeviceStandardReq.o
                                                  ../../../../LUFA/Drivers/USB/Core/AVR8/USBInterrupt_AVR8.o
                                                  ../../../../LUFA/Drivers/USB/Core/AVR8/USBController_AVR8.o
                                                  ../../../../LUFA/Drivers/USB/Core/AVR8/Endpoint_AVR8.o
                                                  ../../../../LUFA/Drivers/USB/Core/AVR8/EndpointStream_AVR8.o
USB_Device_ConfigurationNumber                    ../../../../LUFA/Drivers/USB/Core/DeviceStandardReq.o
                                                  ../../../../LUFA/Drivers/USB/Core/AVR8/USBInterrupt_AVR8.o
                                                  ../../../../LUFA/Drivers/USB/Core/AVR8/USBController_AVR8.o
USB_Device_CurrentlySelfPowered                   ../../../../LUFA/Drivers/USB/Core/DeviceStandardReq.o
                                                  ../../../../LUFA/Drivers/USB/Core/AVR8/USBController_AVR8.o
USB_Device_ProcessControlRequest                  ../../../../LUFA/Drivers/USB/Core/DeviceStandardReq.o
                                                  ../../../../LUFA/Drivers/USB/Core/USBTask.o
                                                  ../../../../LUFA/Drivers/USB/Core/AVR8/USBInterrupt_AVR8.o
USB_Device_RemoteWakeupEnabled                    ../../../../LUFA/Drivers/USB/Core/DeviceStandardReq.o
                                                  ../../../../LUFA/Drivers/USB/Core/AVR8/USBController_AVR8.o
USB_Device_SendRemoteWakeup                       ../../../../LUFA/Drivers/USB/Core/AVR8/Device_AVR8.o
USB_Disable                                       ../../../../LUFA/Drivers/USB/Core/AVR8/USBController_AVR8.o
USB_Event_Stub                                    ../../../../LUFA/Drivers/USB/Core/Events.o
USB_GetHIDReportItemInfo                          ../../../../LUFA/Drivers/USB/Class/Common/HIDParser.o
USB_GetHIDReportSize                              ../../../../LUFA/Drivers/USB/Class/Common/HIDParser.o
USB_GetNextDescriptorComp                         ../../../../LUFA/Drivers/USB/Core/ConfigDescriptors.o
USB_GetNextDescriptorOfType                       ../../../../LUFA/Drivers/USB/Core/ConfigDescriptors.o
USB_GetNextDescriptorOfTypeAfter                  ../../../../LUFA/Drivers/USB/Core/ConfigDescriptors.o
USB_GetNextDescriptorOfTypeBefore                 ../../../../LUFA/Drivers/USB/Core/ConfigDescriptors.o
USB_INT_ClearAllInterrupts                        ../../../../LUFA/Drivers/USB/Core/AVR8/USBInterrupt_AVR8.o
                                                  ../../../../LUFA/Drivers/USB/Core/AVR8/USBController_AVR8.o
USB_INT_DisableAllInterrupts                      ../../../../LUFA/Drivers/USB/Core/AVR8/USBInterrupt_AVR8.o
                                                  ../../../../LUFA/Drivers/USB/Core/AVR8/USBController_AVR8.o
USB_Init                                          ../../../../LUFA/Drivers/USB/Core/AVR8/USBController_AVR8.o
                                                  MassStorage.o
USB_IsInitialized                                 ../../../../LUFA/Drivers/USB/Core/USBTask.o
                                                  ../../../../LUFA/Drivers/USB/Core/AVR8/USBController_AVR8.o
USB_ProcessHIDReport                              ../../../../LUFA/Drivers/USB/Class/Common/HIDParser.o
USB_ResetInterface                                ../../../../LUFA/Drivers/USB/Core/AVR8/USBController_AVR8.o
USB_SetHIDReportItemInfo                          ../../../../LUFA/Drivers/USB/Class/Common/HIDParser.o
USB_USBTask                                       ../../../../LUFA/Drivers/USB/Core/USBTask.o
                                                  ../../../../LUFA/Drivers/USB/Class/Device/PrinterClassDevice.o
                                                  ../../../../LUFA/Drivers/USB/Class/Device/CDCClassDevice.o
                                                  MassStorage.o
__bad_interrupt                                   /usr/lib/gcc/avr/6.2.0/../../../../avr/lib/avr51/crtat90usb1287.o
__bss_end                                         /usr/lib/gcc/avr/6.2.0/avr51/libgcc.a(_clear_bss.o)
__bss_start                                       /usr/lib/gcc/avr/6.2.0/avr51/libgcc.a(_clear_bss.o)
__data_end                                        /usr/lib/gcc/avr/6.2.0/avr51/libgcc.a(_copy_data.o)
__data_load_start                                 /usr/lib/gcc/avr/6.2.0/avr51/libgcc.a(_copy_data.o)
__data_start                                      /usr/lib/gcc/avr/6.2.0/avr51/libgcc.a(_copy_data.o)
__do_clear_bss                                    /usr/lib/gcc/avr/6.2.0/avr51/libgcc.a(_clear_bss.o)
                                                  ../../../../LUFA/Drivers/USB/Core/USBTask.o
                                                  ../../../../LUFA/Drivers/USB/Core/DeviceStandardReq.o
__do_copy_data                                    /usr/lib/gcc/avr/6.2.0/avr51/libgcc.a(_copy_data.o)
                                                  ../../../../LUFA/Drivers/USB/Class/Device/RNDISClassDevice.o
                                                  ../../../../LUFA/Drivers/USB/Class/Device/CDCClassDevice.o
                                                  Lib/SCSI.o
                                                  MassStorage.o
__heap_end                                        /usr/lib/gcc/avr/6.2.0/../../../../avr/lib/avr51/crtat90usb1287.o
__init                                            /usr/lib/gcc/avr/6.2.0/../../../../avr/lib/avr51/crtat90usb1287.o
__stack                                           /usr/lib/gcc/avr/6.2.0/../../../../avr/lib/avr51/crtat90usb1287.o
__strlen_P                                        /usr/lib/gcc/avr/6.2.0/../../../../avr/lib/avr51/libc.a(strlen_P.o)
                                                  ../../../../LUFA/Drivers/USB/Class/Device/CDCClassDevice.o
__vector_1                                        /usr/lib/gcc/avr/6.2.0/../../../../avr/lib/avr51/crtat90usb1287.o
__vector_10                                       ../../../../LUFA/Drivers/USB/Core/AVR8/USBInterrupt_AVR8.o
                                                  /usr/lib/gcc/avr/6.2.0/../../../../avr/lib/avr51/crtat90usb1287.o
__vector_11                                       ../../../../LUFA/Drivers/USB/Core/AVR8/USBInterrupt_AVR8.o
                                                  /usr/lib/gcc/avr/6.2.0/../../../../avr/lib/avr51/crtat90usb1287.o
__vector_12                                       /usr/lib/gcc/avr/6.2.0/../../../../avr/lib/avr51/crtat90usb1287.o
__vector_13                                       /usr/lib/gcc/avr/6.2.0/../../../../avr/lib/avr51/crtat90usb1287.o
__vector_14                                       /usr/lib/gcc/avr/6.2.0/../../../../avr/lib/avr51/crtat90usb1287.o
__vector_15                                       /usr/lib/gcc/avr/6.2.0/../../../../avr/lib/avr51/crtat90usb1287.o
__vector_16                                       /usr/lib/gcc/avr/6.2.0/../../../../avr/lib/avr51/crtat90usb1287.o
__vector_17                                       /usr/lib/gcc/avr/6.2.0/../../../../avr/lib/avr51/crtat90usb1287.o
__vector_18                                       /usr/lib/gcc/avr/6.2.0/../../../../avr/lib/avr51/crtat90usb1287.o
__vector_19                                       /usr/lib/gcc/avr/6.2.0/../../../../avr/lib/avr51/crtat90usb1287.o
__vector_2                                        /usr/lib/gcc/avr/6.2.0/../../../../avr/lib/avr51/crtat90usb1287.o
__vector_20                                       /usr/lib/gcc/avr/6.2.0/../../../../avr/lib/avr51/crtat90usb1287.o
__vector_21                                       /usr/lib/gcc/avr/6.2.0/../../../../avr/lib/avr51/crtat90usb1287.o
__vector_22                                       /usr/lib/gcc/avr/6.2.0/../../../../avr/lib/avr51/crtat90usb1287.o
__vector_23                                       /usr/lib/gcc/avr/6.2.0/../../../../avr/lib/avr51/crtat90usb1287.o
__vector_24                                       /usr/lib/gcc/avr/6.2.0/../../../../avr/lib/avr51/crtat90usb1287.o
__vector_25                                       /usr/lib/gcc/avr/6.2.0/../../../../avr/lib/avr51/crtat90usb1287.o
__vector_26                                       /usr/lib/gcc/avr/6.2.0/../../../../avr/lib/avr51/crtat90usb1287.o
__vector_27                                       /usr/lib/gcc/avr/6.2.0/../../../../avr/lib/avr51/crtat90usb1287.o
__vector_28                                       /usr/lib/gcc/avr/6.2.0/../../../../avr/lib/avr51/crtat90usb1287.o
__vector_29                                       /usr/lib/gcc/avr/6.2.0/../../../../avr/lib/avr51/crtat90usb1287.o
__vector_3                                        /usr/lib/gcc/avr/6.2.0/../../../../avr/lib/avr51/crtat90usb1287.o
__vector_30                                       /usr/lib/gcc/avr/6.2.0/../../../../avr/lib/avr51/crtat90usb1287.o
__vector_31                                       /usr/lib/gcc/avr/6.2.0/../../../../avr/lib/avr51/crtat90usb1287.o
__vector_32                                       /usr/lib/gcc/avr/6.2.0/../../../../avr/lib/avr51/crtat90usb1287.o
__vector_33                                       /usr/lib/gcc/avr/6.2.0/../../../../avr/lib/avr51/crtat90usb1287.o
__vector_34                                       /usr/lib/gcc/avr/6.2.0/../../../../avr/lib/avr51/crtat90usb1287.o
__vector_35                                       /usr/lib/gcc/avr/6.2.0/../../../../avr/lib/avr51/crtat90usb1287.o
__vector_36                                       /usr/lib/gcc/avr/6.2.0/../../../../avr/lib/avr51/crtat90usb1287.o
__vector_37                                       /usr/lib/gcc/avr/6.2.0/../../../../avr/lib/avr51/crtat90usb1287.o
__vector_4                                        /usr/lib/gcc/avr/6.2.0/../../../../avr/lib/avr51/crtat90usb1287.o
__vector_5                                        /usr/lib/gcc/avr/6.2.0/../../../../avr/lib/avr51/crtat90usb1287.o
__vector_6                                        /usr/lib/gcc/avr/6.2.0/../../../../avr/lib/avr51/crtat90usb1287.o
__vector_7                                        /usr/lib/gcc/avr/6.2.0/../../../../avr/lib/avr51/crtat90usb1287.o
__vector_8                                        /usr/lib/gcc/avr/6.2.0/../../../../avr/lib/avr51/crtat90usb1287.o
__vector_9                                        /usr/lib/gcc/avr/6.2.0/../../../../avr/lib/avr51/crtat90usb1287.o
__vector_default                                  /usr/lib/gcc/avr/6.2.0/../../../../avr/lib/avr51/crtat90usb1287.o
__vectors                                         /usr/lib/gcc/avr/6.2.0/../../../../avr/lib/avr51/crtat90usb1287.o
_exit                                             /usr/lib/gcc/avr/6.2.0/avr51/libgcc.a(_exit.o)
eeprom_read_byte                                  /usr/lib/gcc/avr/6.2.0/../../../../avr/lib/avr51/libat90usb1287.a(eerd_byte.o)
                                                  ../../../../LUFA/Drivers/USB/Core/AVR8/EndpointStream_AVR8.o
eeprom_update_byte                                /usr/lib/gcc/avr/6.2.0/../../../../avr/lib/avr51/libat90usb1287.a(eeupd_byte.o)
                                                  ../../../../LUFA/Drivers/USB/Core/AVR8/EndpointStream_AVR8.o
eeprom_update_r18                                 /usr/lib/gcc/avr/6.2.0/../../../../avr/lib/avr51/libat90usb1287.a(eeupd_byte.o)
exit                                              /usr/lib/gcc/avr/6.2.0/avr51/libgcc.a(_exit.o)
                                                  /usr/lib/gcc/avr/6.2.0/../../../../avr/lib/avr51/crtat90usb1287.o
main                                              MassStorage.o
                                                  /usr/lib/gcc/avr/6.2.0/../../../../avr/lib/avr51/crtat90usb1287.o
memcmp                                            /usr/lib/gcc/avr/6.2.0/../../../../avr/lib/avr51/libc.a(memcmp.o)
                                                  ../../../../LUFA/Drivers/USB/Class/Device/HIDClassDevice.o
memcpy                                            /usr/lib/gcc/avr/6.2.0/../../../../avr/lib/avr51/libc.a(memcpy.o)
                                                  ../../../../LUFA/Drivers/USB/Class/Device/RNDISClassDevice.o
                                                  ../../../../LUFA/Drivers/USB/Class/Device/HIDClassDevice.o
memcpy_P                                          /usr/lib/gcc/avr/6.2.0/../../../../avr/lib/avr51/libc.a(memcpy_P.o)
                                                  ../../../../LUFA/Drivers/USB/Class/Device/RNDISClassDevice.o
memset                                            /usr/lib/gcc/avr/6.2.0/../../../../avr/lib/avr51/libc.a(memset.o)
                                                  ../../../../LUFA/Drivers/USB/Class/Device/HIDClassDevice.o
